[eko/chat-read-integrity-20260920 8a046447] docs: retain generator baseline, reviewed design and execution blocker
 49 files changed, 14614 insertions(+)
 create mode 100644 docs/analysis/colleague_integration/CONTINUATION_09_REPORT.md
 create mode 100644 docs/analysis/colleague_integration/proof_cont09/GENERATOR_CONTRACT.md
 create mode 100644 docs/analysis/colleague_integration/proof_cont09/GENERATOR_CONTRACT_R1.md
 create mode 100644 docs/analysis/colleague_integration/proof_cont09/GENERATOR_CONTRACT_R2.md
 create mode 100644 docs/analysis/colleague_integration/proof_cont09/MEASUREMENT_CORRECTION.md
 create mode 100644 docs/analysis/colleague_integration/proof_cont09/arrival-read-manifest.json
 create mode 100644 docs/analysis/colleague_integration/proof_cont09/baseline/gotypes.raw.ts
 create mode 100644 docs/analysis/colleague_integration/proof_cont09/baseline/lint.json
 create mode 100644 docs/analysis/colleague_integration/proof_cont09/baseline/lint.stderr
 create mode 100644 docs/analysis/colleague_integration/proof_cont09/baseline/lint.stdout
 create mode 100644 docs/analysis/colleague_integration/proof_cont09/baseline/regenerate.stderr
 create mode 100644 docs/analysis/colleague_integration/proof_cont09/baseline/regenerate.stdout
 create mode 100644 docs/analysis/colleague_integration/proof_cont09/baseline/summary.json
 create mode 100644 docs/analysis/colleague_integration/proof_cont09/baseline/tests.json
 create mode 100644 docs/analysis/colleague_integration/proof_cont09/baseline/tests.stderr
 create mode 100644 docs/analysis/colleague_integration/proof_cont09/baseline/tests.stdout
 create mode 100644 docs/analysis/colleague_integration/proof_cont09/baseline/typecheck.stderr
 create mode 100644 docs/analysis/colleague_integration/proof_cont09/baseline/typecheck.stdout
 create mode 100644 docs/analysis/colleague_integration/proof_cont09/blocked-consumer-execution.json
 create mode 100644 docs/analysis/colleague_integration/proof_cont09/containment.json
 create mode 100644 docs/analysis/colleague_integration/proof_cont09/git-preflight.json
 create mode 100644 docs/analysis/colleague_integration/proof_cont09/gotypes.candidate.ts
 create mode 100644 docs/analysis/colleague_integration/proof_cont09/manifest.json
 create mode 100644 docs/analysis/colleague_integration/proof_cont09/precode-reconciliation.md
 create mode 100644 docs/analysis/colleague_integration/proof_cont09/precode-review-r2/report.md
 create mode 100644 docs/analysis/colleague_integration/proof_cont09/precode-review-r2/request.json
 create mode 100644 docs/analysis/colleague_integration/proof_cont09/precode-review-r2/response.json
 create mode 100644 docs/analysis/colleague_integration/proof_cont09/precode-review-r3/report.md
 create mode 100644 docs/analysis/colleague_integration/proof_cont09/precode-review-r3/request.json
 create mode 100644 docs/analysis/colleague_integration/proof_cont09/precode-review-r3/response.json
 create mode 100644 docs/analysis/colleague_integration/proof_cont09/precode-review/model.json
 create mode 100644 docs/analysis/colleague_integration/proof_cont09/precode-review/report.md
 create mode 100644 docs/analysis/colleague_integration/proof_cont09/precode-review/request.json
 create mode 100644 docs/analysis/colleague_integration/proof_cont09/precode-review/response.json
 create mode 100644 docs/analysis/colleague_integration/proof_cont09/program-compare-r2.mjs
 create mode 100644 docs/analysis/colleague_integration/proof_cont09/program-compare-r2.stderr
 create mode 100644 docs/analysis/colleague_integration/proof_cont09/program-compare-r2.stdout
 create mode 100644 docs/analysis/colleague_integration/proof_cont09/program-compare.mjs
 create mode 100644 docs/analysis/colleague_integration/proof_cont09/program-compare.stderr
 create mode 100644 docs/analysis/colleague_integration/proof_cont09/program-compare.stdout
 create mode 100644 docs/analysis/colleague_integration/proof_cont09/program-r2-after.js
 create mode 100644 docs/analysis/colleague_integration/proof_cont09/program-r2-before.js
 create mode 100644 docs/analysis/colleague_integration/proof_cont09/source-checkpoint.json
 create mode 100644 docs/analysis/colleague_integration/proof_cont09/type-probe-r2.mjs
 create mode 100644 docs/analysis/colleague_integration/proof_cont09/type-probe-r2.stderr
 create mode 100644 docs/analysis/colleague_integration/proof_cont09/type-probe-r2.stdout
 create mode 100644 docs/analysis/colleague_integration/proof_cont09/type-probe.mjs
 create mode 100644 docs/analysis/colleague_integration/proof_cont09/type-probe.stderr
 create mode 100644 docs/analysis/colleague_integration/proof_cont09/type-probe.stdout
