[eko/chat-read-integrity-20260920 04009c43] docs: recover G1 entry evidence and locate the actual context guard
 90 files changed, 3110 insertions(+), 2 deletions(-)
 create mode 100644 docs/analysis/colleague_integration/proof_cont12/CONTINUATION_12_REPORT.md
 create mode 100644 docs/analysis/colleague_integration/proof_cont12/MANIFEST.json
 create mode 100644 docs/analysis/colleague_integration/proof_cont12/README.md
 create mode 100644 docs/analysis/colleague_integration/proof_cont12/REVIEW_RECONCILIATION.md
 create mode 100644 docs/analysis/colleague_integration/proof_cont12/budget-source/api__types.go__126_186.txt.utf8.json
 create mode 100644 docs/analysis/colleague_integration/proof_cont12/budget-source/llm__llama_server.go__1470_1550.txt.utf8.json
 create mode 100644 docs/analysis/colleague_integration/proof_cont12/budget-source/llm__llama_server.go__1820_1880.txt.utf8.json
 create mode 100644 docs/analysis/colleague_integration/proof_cont12/budget-source/llm__llama_server.go__2040_2145.txt.utf8.json
 create mode 100644 docs/analysis/colleague_integration/proof_cont12/budget-source/llm__llama_server.go__230_331.txt.utf8.json
 create mode 100644 docs/analysis/colleague_integration/proof_cont12/budget-source/llm__server.go__1_110.txt.utf8.json
 create mode 100644 docs/analysis/colleague_integration/proof_cont12/budget-source/manifest.json
 create mode 100644 docs/analysis/colleague_integration/proof_cont12/budget-source/server__prompt.go__1_220.txt.utf8.json
 create mode 100644 docs/analysis/colleague_integration/proof_cont12/budget-source/server__routes.go__2310_2330.txt.utf8.json
 create mode 100644 docs/analysis/colleague_integration/proof_cont12/budget-source/server__routes.go__2450_2710.txt.utf8.json
 create mode 100644 docs/analysis/colleague_integration/proof_cont12/budget-source/server__routes.go__2898_3075.txt.utf8.json
 create mode 100644 docs/analysis/colleague_integration/proof_cont12/capacity-consultation-addendum/report.md
 create mode 100644 docs/analysis/colleague_integration/proof_cont12/capacity-consultation-addendum/request.json
 create mode 100644 docs/analysis/colleague_integration/proof_cont12/capacity-consultation-addendum/response.json
 create mode 100644 docs/analysis/colleague_integration/proof_cont12/capacity-consultation-addendum/result.json
 create mode 100644 docs/analysis/colleague_integration/proof_cont12/capacity-consultation/prompt.txt.utf8.json
 create mode 100644 docs/analysis/colleague_integration/proof_cont12/capacity-consultation/report.md
 create mode 100644 docs/analysis/colleague_integration/proof_cont12/capacity-consultation/request.json
 create mode 100644 docs/analysis/colleague_integration/proof_cont12/capacity-consultation/response.json
 create mode 100644 docs/analysis/colleague_integration/proof_cont12/capacity-consultation/result.json
 create mode 100644 docs/analysis/colleague_integration/proof_cont12/cli-baseline/build.stderr.utf8.json
 create mode 100644 docs/analysis/colleague_integration/proof_cont12/cli-baseline/build.stdout.utf8.json
 create mode 100644 docs/analysis/colleague_integration/proof_cont12/cli-baseline/commands.json
 create mode 100644 docs/analysis/colleague_integration/proof_cont12/cli-baseline/help.stderr.utf8.json
 create mode 100644 docs/analysis/colleague_integration/proof_cont12/cli-baseline/help.stdout.utf8.json
 create mode 100644 docs/analysis/colleague_integration/proof_cont12/cli-baseline/instructions.stderr.utf8.json
 create mode 100644 docs/analysis/colleague_integration/proof_cont12/cli-baseline/instructions.stdout.utf8.json
 create mode 100644 docs/analysis/colleague_integration/proof_cont12/cli-baseline/result.json
 create mode 100644 docs/analysis/colleague_integration/proof_cont12/closeout-parser-correction.json
 create mode 100644 docs/analysis/colleague_integration/proof_cont12/control_snapshot/BLOCKERS.md
 create mode 100644 docs/analysis/colleague_integration/proof_cont12/control_snapshot/DECISIONS.md
 create mode 100644 docs/analysis/colleague_integration/proof_cont12/control_snapshot/HANDOFF.md
 create mode 100644 docs/analysis/colleague_integration/proof_cont12/control_snapshot/REQUIREMENTS.md
 create mode 100644 docs/analysis/colleague_integration/proof_cont12/control_snapshot/STATE.json
 create mode 100644 docs/analysis/colleague_integration/proof_cont12/design-amendment.json
 create mode 100644 docs/analysis/colleague_integration/proof_cont12/design-method-read.json
 create mode 100644 docs/analysis/colleague_integration/proof_cont12/http-baseline-original/active.json
 create mode 100644 docs/analysis/colleague_integration/proof_cont12/http-baseline-original/invocation.json
 create mode 100644 docs/analysis/colleague_integration/proof_cont12/http-baseline-original/key-events.json
 create mode 100644 docs/analysis/colleague_integration/proof_cont12/http-baseline-original/result.json
 create mode 100644 docs/analysis/colleague_integration/proof_cont12/http-baseline-original/stderr.txt.utf8.json
 create mode 100644 docs/analysis/colleague_integration/proof_cont12/http-baseline-original/stdout.jsonl.utf8.json
 create mode 100644 docs/analysis/colleague_integration/proof_cont12/native-counter-probe/blocked-diagnostic.json
 create mode 100644 docs/analysis/colleague_integration/proof_cont12/native-source-discovery.json
 create mode 100644 docs/analysis/colleague_integration/proof_cont12/native-source/common__chat.cpp__2510_2556.txt.utf8.json
 create mode 100644 docs/analysis/colleague_integration/proof_cont12/native-source/common__chat.cpp__2690_2738.txt.utf8.json
 create mode 100644 docs/analysis/colleague_integration/proof_cont12/native-source/common__chat.h__239_273.txt.utf8.json
 create mode 100644 docs/analysis/colleague_integration/proof_cont12/native-source/manifest.json
 create mode 100644 docs/analysis/colleague_integration/proof_cont12/native-source/tools__server__README.md__650_696.txt.utf8.json
 create mode 100644 docs/analysis/colleague_integration/proof_cont12/native-source/tools__server__server-common.cpp__1110_1190.txt.utf8.json
 create mode 100644 docs/analysis/colleague_integration/proof_cont12/native-source/tools__server__server-common.cpp__729_791.txt.utf8.json
 create mode 100644 docs/analysis/colleague_integration/proof_cont12/native-source/tools__server__server-common.cpp__905_1115.txt.utf8.json
 create mode 100644 docs/analysis/colleague_integration/proof_cont12/native-source/tools__server__server-context.cpp__1235_1273.txt.utf8.json
 create mode 100644 docs/analysis/colleague_integration/proof_cont12/native-source/tools__server__server-context.cpp__1828_1885.txt.utf8.json
 create mode 100644 docs/analysis/colleague_integration/proof_cont12/native-source/tools__server__server-context.cpp__2980_3125.txt.utf8.json
 create mode 100644 docs/analysis/colleague_integration/proof_cont12/native-source/tools__server__server-context.cpp__3119_3179.txt.utf8.json
 create mode 100644 docs/analysis/colleague_integration/proof_cont12/native-source/tools__server__server-context.cpp__400_442.txt.utf8.json
 create mode 100644 docs/analysis/colleague_integration/proof_cont12/native-source/tools__server__server-context.cpp__4020_4115.txt.utf8.json
 create mode 100644 docs/analysis/colleague_integration/proof_cont12/native-source/tools__server__server-context.cpp__4580_4660.txt.utf8.json
 create mode 100644 docs/analysis/colleague_integration/proof_cont12/native-source/tools__server__server-context.cpp__4680_4749.txt.utf8.json
 create mode 100644 docs/analysis/colleague_integration/proof_cont12/native-source/tools__server__server-context.cpp__4809_4930.txt.utf8.json
 create mode 100644 docs/analysis/colleague_integration/proof_cont12/native-source/tools__server__server-context.cpp__5130_5255.txt.utf8.json
 create mode 100644 docs/analysis/colleague_integration/proof_cont12/native-source/tools__server__server-context.cpp__5290_5385.txt.utf8.json
 create mode 100644 docs/analysis/colleague_integration/proof_cont12/native-source/tools__server__tests__unit__test_template.py__1_115.txt.utf8.json
 create mode 100644 docs/analysis/colleague_integration/proof_cont12/native-template-discovery.json
 create mode 100644 docs/analysis/colleague_integration/proof_cont12/precloseout-containment.json
 create mode 100644 docs/analysis/colleague_integration/proof_cont12/profile-goldens/canonical_profile_test.go.utf8.json
 create mode 100644 docs/analysis/colleague_integration/proof_cont12/profile-goldens/escapes.json
 create mode 100644 docs/analysis/colleague_integration/proof_cont12/profile-goldens/manifest.json
 create mode 100644 docs/analysis/colleague_integration/proof_cont12/profile-goldens/result.json
 create mode 100644 docs/analysis/colleague_integration/proof_cont12/profile-goldens/stderr.txt.utf8.json
 create mode 100644 docs/analysis/colleague_integration/proof_cont12/profile-goldens/stdout.jsonl.utf8.json
 create mode 100644 docs/analysis/colleague_integration/proof_cont12/profile-goldens/unicode.json
 create mode 100644 docs/analysis/colleague_integration/proof_cont12/profile-goldens/zero.json
 create mode 100644 docs/analysis/colleague_integration/proof_cont12/read-proof-methods.json
 create mode 100644 docs/analysis/colleague_integration/proof_cont12/recovery-preflight.json
 create mode 100644 docs/analysis/colleague_integration/proof_cont12/retired-job-record.json
 create mode 100644 docs/analysis/colleague_integration/proof_cont12/retired-job.stdout.utf8.json
 create mode 100644 docs/analysis/colleague_integration/proof_cont12/slot-admission-discovery.json
 create mode 100644 docs/analysis/colleague_integration/proof_cont12/slot-design-correction.json
 create mode 100644 docs/analysis/colleague_integration/proof_cont12/slot-source-review/report.md
 create mode 100644 docs/analysis/colleague_integration/proof_cont12/slot-source-review/request.json
 create mode 100644 docs/analysis/colleague_integration/proof_cont12/slot-source-review/response.json
 create mode 100644 docs/analysis/colleague_integration/proof_cont12/slot-source-review/result.json
 create mode 100644 docs/analysis/colleague_integration/proof_cont12/source-excerpt-inventory.json
