
> app@0.0.0 build
> tsc -b && vite build


️  Generating routes...
 Processed routes in 263ms
[36mvite v6.3.5 [32mbuilding for production...[36m[39m
transforming...
[32m✓[39m 5163 modules transformed.
rendering chunks...
computing gzip size...
[2mdist/[22m[2massets/[22m[32mKaTeX_Size3-Regular-CTq5MqoE.woff         [39m[1m[2m    4.42 kB[22m[1m[22m
[2mdist/[22m[2massets/[22m[32mKaTeX_Size4-Regular-Dl5lxZxV.woff2        [39m[1m[2m    4.93 kB[22m[1m[22m
[2mdist/[22m[2massets/[22m[32mKaTeX_Size2-Regular-Dy4dx90m.woff2        [39m[1m[2m    5.21 kB[22m[1m[22m
[2mdist/[22m[2massets/[22m[32mKaTeX_Size1-Regular-mCD8mA8B.woff2        [39m[1m[2m    5.47 kB[22m[1m[22m
[2mdist/[22m[2massets/[22m[32mKaTeX_Size4-Regular-BF-4gkZK.woff         [39m[1m[2m    5.98 kB[22m[1m[22m
[2mdist/[22m[2massets/[22m[32mKaTeX_Size2-Regular-oD1tc_U0.woff         [39m[1m[2m    6.19 kB[22m[1m[22m
[2mdist/[22m[32mindex.html                                       [39m[1m[2m    6.29 kB[22m[1m[22m[2m │ gzip:   1.68 kB[22m
[2mdist/[22m[2massets/[22m[32mKaTeX_Size1-Regular-C195tn64.woff         [39m[1m[2m    6.50 kB[22m[1m[22m
[2mdist/[22m[2massets/[22m[32mKaTeX_Caligraphic-Regular-Di6jR-x-.woff2  [39m[1m[2m    6.91 kB[22m[1m[22m
[2mdist/[22m[2massets/[22m[32mKaTeX_Caligraphic-Bold-Dq_IR9rO.woff2     [39m[1m[2m    6.91 kB[22m[1m[22m
[2mdist/[22m[2massets/[22m[32mKaTeX_Size3-Regular-DgpXs0kz.ttf          [39m[1m[2m    7.59 kB[22m[1m[22m
[2mdist/[22m[2massets/[22m[32mKaTeX_Caligraphic-Regular-CTRA-rTL.woff   [39m[1m[2m    7.66 kB[22m[1m[22m
[2mdist/[22m[2massets/[22m[32mKaTeX_Caligraphic-Bold-BEiXGLvX.woff      [39m[1m[2m    7.72 kB[22m[1m[22m
[2mdist/[22m[2massets/[22m[32mKaTeX_Script-Regular-D3wIWfF6.woff2       [39m[1m[2m    9.64 kB[22m[1m[22m
[2mdist/[22m[2massets/[22m[32mKaTeX_SansSerif-Regular-DDBCnlJ7.woff2    [39m[1m[2m   10.34 kB[22m[1m[22m
[2mdist/[22m[2massets/[22m[32mKaTeX_Size4-Regular-DWFBv043.ttf          [39m[1m[2m   10.36 kB[22m[1m[22m
[2mdist/[22m[2massets/[22m[32mKaTeX_Script-Regular-D5yQViql.woff        [39m[1m[2m   10.59 kB[22m[1m[22m
[2mdist/[22m[2massets/[22m[32mKaTeX_Fraktur-Regular-CTYiF6lA.woff2      [39m[1m[2m   11.32 kB[22m[1m[22m
[2mdist/[22m[2massets/[22m[32mKaTeX_Fraktur-Bold-CL6g_b3V.woff2         [39m[1m[2m   11.35 kB[22m[1m[22m
[2mdist/[22m[2massets/[22m[32mKaTeX_Size2-Regular-B7gKUWhC.ttf          [39m[1m[2m   11.51 kB[22m[1m[22m
[2mdist/[22m[2massets/[22m[32mKaTeX_SansSerif-Italic-C3H0VqGB.woff2     [39m[1m[2m   12.03 kB[22m[1m[22m
[2mdist/[22m[2massets/[22m[32mKaTeX_SansSerif-Bold-D1sUS0GD.woff2       [39m[1m[2m   12.22 kB[22m[1m[22m
[2mdist/[22m[2massets/[22m[32mKaTeX_Size1-Regular-Dbsnue_I.ttf          [39m[1m[2m   12.23 kB[22m[1m[22m
[2mdist/[22m[2massets/[22m[32mKaTeX_SansSerif-Regular-CS6fqUqJ.woff     [39m[1m[2m   12.32 kB[22m[1m[22m
[2mdist/[22m[2massets/[22m[32mKaTeX_Caligraphic-Regular-wX97UBjC.ttf    [39m[1m[2m   12.34 kB[22m[1m[22m
[2mdist/[22m[2massets/[22m[32mKaTeX_Caligraphic-Bold-ATXxdsX0.ttf       [39m[1m[2m   12.37 kB[22m[1m[22m
[2mdist/[22m[2massets/[22m[32mKaTeX_Fraktur-Regular-Dxdc4cR9.woff       [39m[1m[2m   13.21 kB[22m[1m[22m
[2mdist/[22m[2massets/[22m[32mKaTeX_Fraktur-Bold-BsDP51OF.woff          [39m[1m[2m   13.30 kB[22m[1m[22m
[2mdist/[22m[2massets/[22m[32mKaTeX_Typewriter-Regular-CO6r4hn1.woff2   [39m[1m[2m   13.57 kB[22m[1m[22m
[2mdist/[22m[2massets/[22m[32mKaTeX_SansSerif-Italic-DN2j7dab.woff      [39m[1m[2m   14.11 kB[22m[1m[22m
[2mdist/[22m[2massets/[22m[32mKaTeX_SansSerif-Bold-DbIhKOiC.woff        [39m[1m[2m   14.41 kB[22m[1m[22m
[2mdist/[22m[2massets/[22m[32mKaTeX_Typewriter-Regular-C0xS9mPB.woff    [39m[1m[2m   16.03 kB[22m[1m[22m
[2mdist/[22m[2massets/[22m[32mKaTeX_Math-BoldItalic-CZnvNsCZ.woff2      [39m[1m[2m   16.40 kB[22m[1m[22m
[2mdist/[22m[2massets/[22m[32mKaTeX_Math-Italic-t53AETM-.woff2          [39m[1m[2m   16.44 kB[22m[1m[22m
[2mdist/[22m[2massets/[22m[32mKaTeX_Script-Regular-C5JkGWo-.ttf         [39m[1m[2m   16.65 kB[22m[1m[22m
[2mdist/[22m[2massets/[22m[32mKaTeX_Main-BoldItalic-DxDJ3AOS.woff2      [39m[1m[2m   16.78 kB[22m[1m[22m
[2mdist/[22m[2massets/[22m[32mKaTeX_Main-Italic-NWA7e6Wa.woff2          [39m[1m[2m   16.99 kB[22m[1m[22m
[2mdist/[22m[2massets/[22m[32mKaTeX_Math-BoldItalic-iY-2wyZ7.woff       [39m[1m[2m   18.67 kB[22m[1m[22m
[2mdist/[22m[2massets/[22m[32mKaTeX_Math-Italic-DA0__PXp.woff           [39m[1m[2m   18.75 kB[22m[1m[22m
[2mdist/[22m[2massets/[22m[32mKaTeX_Main-BoldItalic-SpSLRI95.woff       [39m[1m[2m   19.41 kB[22m[1m[22m
[2mdist/[22m[2massets/[22m[32mKaTeX_SansSerif-Regular-BNo7hRIc.ttf      [39m[1m[2m   19.44 kB[22m[1m[22m
[2mdist/[22m[2massets/[22m[32mKaTeX_Fraktur-Regular-CB_wures.ttf        [39m[1m[2m   19.57 kB[22m[1m[22m
[2mdist/[22m[2massets/[22m[32mKaTeX_Fraktur-Bold-BdnERNNW.ttf           [39m[1m[2m   19.58 kB[22m[1m[22m
[2mdist/[22m[2massets/[22m[32mKaTeX_Main-Italic-BMLOBm91.woff           [39m[1m[2m   19.68 kB[22m[1m[22m
[2mdist/[22m[2massets/[22m[32mKaTeX_SansSerif-Italic-YYjJ1zSn.ttf       [39m[1m[2m   22.36 kB[22m[1m[22m
[2mdist/[22m[2massets/[22m[32mKaTeX_SansSerif-Bold-CFMepnvq.ttf         [39m[1m[2m   24.50 kB[22m[1m[22m
[2mdist/[22m[2massets/[22m[32mKaTeX_Main-Bold-Cx986IdX.woff2            [39m[1m[2m   25.32 kB[22m[1m[22m
[2mdist/[22m[2massets/[22m[32mKaTeX_Main-Regular-B22Nviop.woff2         [39m[1m[2m   26.27 kB[22m[1m[22m
[2mdist/[22m[2massets/[22m[32mKaTeX_Typewriter-Regular-D3Ib7_Hf.ttf     [39m[1m[2m   27.56 kB[22m[1m[22m
[2mdist/[22m[2massets/[22m[32mKaTeX_AMS-Regular-BQhdFMY1.woff2          [39m[1m[2m   28.08 kB[22m[1m[22m
[2mdist/[22m[2massets/[22m[32mKaTeX_Main-Bold-Jm3AIy58.woff             [39m[1m[2m   29.91 kB[22m[1m[22m
[2mdist/[22m[2massets/[22m[32mKaTeX_Main-Regular-Dr94JaBh.woff          [39m[1m[2m   30.77 kB[22m[1m[22m
[2mdist/[22m[2massets/[22m[32mKaTeX_Math-BoldItalic-B3XSjfu4.ttf        [39m[1m[2m   31.20 kB[22m[1m[22m
[2mdist/[22m[2massets/[22m[32mKaTeX_Math-Italic-flOr_0UB.ttf            [39m[1m[2m   31.31 kB[22m[1m[22m
[2mdist/[22m[2massets/[22m[32mKaTeX_Main-BoldItalic-DzxPMmG6.ttf        [39m[1m[2m   32.97 kB[22m[1m[22m
[2mdist/[22m[2massets/[22m[32mKaTeX_AMS-Regular-DMm9YOAa.woff           [39m[1m[2m   33.52 kB[22m[1m[22m
[2mdist/[22m[2massets/[22m[32mKaTeX_Main-Italic-3WenGoN9.ttf            [39m[1m[2m   33.58 kB[22m[1m[22m
[2mdist/[22m[2massets/[22m[32mKaTeX_Main-Bold-waoOVXN0.ttf              [39m[1m[2m   51.34 kB[22m[1m[22m
[2mdist/[22m[2massets/[22m[32mKaTeX_Main-Regular-ypZvNtVU.ttf           [39m[1m[2m   53.58 kB[22m[1m[22m
[2mdist/[22m[2massets/[22m[32mKaTeX_AMS-Regular-DRggAlZN.ttf            [39m[1m[2m   63.63 kB[22m[1m[22m
[2mdist/[22m[2massets/[22m[35mindex-Bg1Rnfpl.css                        [39m[1m[2m  326.68 kB[22m[1m[22m[2m │ gzip:  44.93 kB[22m
[2mdist/[22m[2massets/[22m[36mclone-CI-CGAXa.js                         [39m[1m[2m    0.10 kB[22m[1m[22m[2m │ gzip:   0.11 kB[22m
[2mdist/[22m[2massets/[22m[36mchannel-Cf39DrvN.js                       [39m[1m[2m    0.11 kB[22m[1m[22m[2m │ gzip:   0.13 kB[22m
[2mdist/[22m[2massets/[22m[36minit-Gi6I4Gst.js                          [39m[1m[2m    0.15 kB[22m[1m[22m[2m │ gzip:   0.13 kB[22m
[2mdist/[22m[2massets/[22m[36mchunk-QZHKN3VN-rvWUvSbT.js                [39m[1m[2m    0.19 kB[22m[1m[22m[2m │ gzip:   0.16 kB[22m
[2mdist/[22m[2massets/[22m[36mchunk-55IACEB6-D3yDX-Or.js                [39m[1m[2m    0.24 kB[22m[1m[22m[2m │ gzip:   0.21 kB[22m
[2mdist/[22m[2massets/[22m[36mchunk-4BX2VUAB-OeZX7-rg.js                [39m[1m[2m    0.30 kB[22m[1m[22m[2m │ gzip:   0.20 kB[22m
[2mdist/[22m[2massets/[22m[36mchunk-FMBD7UC4-CtNmR2Yn.js                [39m[1m[2m    0.37 kB[22m[1m[22m[2m │ gzip:   0.27 kB[22m
[2mdist/[22m[2massets/[22m[36mstateDiagram-v2-4FDKWEC3-CcGfIS0o.js      [39m[1m[2m    0.39 kB[22m[1m[22m[2m │ gzip:   0.28 kB[22m
[2mdist/[22m[2massets/[22m[36mclassDiagram-2ON5EDUG-BUNUVXnO.js         [39m[1m[2m    0.43 kB[22m[1m[22m[2m │ gzip:   0.30 kB[22m
[2mdist/[22m[2massets/[22m[36mclassDiagram-v2-WZHVMYZB-BUNUVXnO.js      [39m[1m[2m    0.43 kB[22m[1m[22m[2m │ gzip:   0.30 kB[22m
[2mdist/[22m[2massets/[22m[36mchunk-QN33PNHL-DOIreC8S.js                [39m[1m[2m    0.53 kB[22m[1m[22m[2m │ gzip:   0.37 kB[22m
[2mdist/[22m[2massets/[22m[36mcodeowners-Bp6g37R7.js                    [39m[1m[2m    0.55 kB[22m[1m[22m[2m │ gzip:   0.32 kB[22m
[2mdist/[22m[2massets/[22m[36minfoDiagram-ER5ION4S-CbVcn_Qi.js          [39m[1m[2m    0.69 kB[22m[1m[22m[2m │ gzip:   0.45 kB[22m
[2mdist/[22m[2massets/[22m[36mshellsession-BADoaaVG.js                  [39m[1m[2m    0.71 kB[22m[1m[22m[2m │ gzip:   0.43 kB[22m
[2mdist/[22m[2massets/[22m[36mtsv-B_m7g4N7.js                           [39m[1m[2m    0.74 kB[22m[1m[22m[2m │ gzip:   0.34 kB[22m
[2mdist/[22m[2massets/[22m[36mhtml-derivative-BFtXZ54Q.js               [39m[1m[2m    0.90 kB[22m[1m[22m[2m │ gzip:   0.49 kB[22m
[2mdist/[22m[2massets/[22m[36mgit-rebase-r7XF79zn.js                    [39m[1m[2m    0.98 kB[22m[1m[22m[2m │ gzip:   0.44 kB[22m
[2mdist/[22m[2massets/[22m[36mqmldir-C8lEn-DE.js                        [39m[1m[2m    1.00 kB[22m[1m[22m[2m │ gzip:   0.45 kB[22m
[2mdist/[22m[2massets/[22m[36mfortran-fixed-form-BZjJHVRy.js            [39m[1m[2m    1.10 kB[22m[1m[22m[2m │ gzip:   0.54 kB[22m
[2mdist/[22m[2massets/[22m[36mcsv-fuZLfV_i.js                           [39m[1m[2m    1.14 kB[22m[1m[22m[2m │ gzip:   0.37 kB[22m
[2mdist/[22m[2massets/[22m[36mordinal-Cboi1Yqb.js                       [39m[1m[2m    1.19 kB[22m[1m[22m[2m │ gzip:   0.57 kB[22m
[2mdist/[22m[2massets/[22m[36mgit-commit-F4YmCXRG.js                    [39m[1m[2m    1.23 kB[22m[1m[22m[2m │ gzip:   0.52 kB[22m
[2mdist/[22m[2massets/[22m[36mxsl-CtQFsRM5.js                           [39m[1m[2m    1.39 kB[22m[1m[22m[2m │ gzip:   0.52 kB[22m
[2mdist/[22m[2massets/[22m[36mdotenv-Da5cRb03.js                        [39m[1m[2m    1.42 kB[22m[1m[22m[2m │ gzip:   0.53 kB[22m
[2mdist/[22m[2massets/[22m[36mchunk-TZMSLE5B-hr1Fy3Ox.js                [39m[1m[2m    1.44 kB[22m[1m[22m[2m │ gzip:   0.63 kB[22m
[2mdist/[22m[2massets/[22m[36msparql-rVzFXLq3.js                        [39m[1m[2m    1.48 kB[22m[1m[22m[2m │ gzip:   0.82 kB[22m
[2mdist/[22m[2massets/[22m[36mini-BEwlwnbL.js                           [39m[1m[2m    1.53 kB[22m[1m[22m[2m │ gzip:   0.50 kB[22m
[2mdist/[22m[2massets/[22m[36mdocker-BcOcwvcX.js                        [39m[1m[2m    1.74 kB[22m[1m[22m[2m │ gzip:   0.60 kB[22m
[2mdist/[22m[2massets/[22m[36mhxml-Bvhsp5Yf.js                          [39m[1m[2m    1.74 kB[22m[1m[22m[2m │ gzip:   0.88 kB[22m
[2mdist/[22m[2massets/[22m[36mdesktop-BmXAJ9_W.js                       [39m[1m[2m    1.83 kB[22m[1m[22m[2m │ gzip:   0.76 kB[22m
[2mdist/[22m[2massets/[22m[36mwenyan-BV7otONQ.js                        [39m[1m[2m    2.16 kB[22m[1m[22m[2m │ gzip:   1.06 kB[22m
[2mdist/[22m[2massets/[22m[36mjssm-C2t-YnRu.js                          [39m[1m[2m    2.24 kB[22m[1m[22m[2m │ gzip:   0.62 kB[22m
[2mdist/[22m[2massets/[22m[36mreg-C-SQnVFl.js                           [39m[1m[2m    2.35 kB[22m[1m[22m[2m │ gzip:   0.70 kB[22m
[2mdist/[22m[2massets/[22m[36mberry-D08WgyRC.js                         [39m[1m[2m    2.36 kB[22m[1m[22m[2m │ gzip:   0.76 kB[22m
[2mdist/[22m[2massets/[22m[36medge-BkV0erSs.js                          [39m[1m[2m    2.36 kB[22m[1m[22m[2m │ gzip:   0.70 kB[22m
[2mdist/[22m[2massets/[22m[36mdiff-D97Zzqfu.js                          [39m[1m[2m    2.57 kB[22m[1m[22m[2m │ gzip:   0.69 kB[22m
[2mdist/[22m[2massets/[22m[36mgleam-BspZqrRM.js                         [39m[1m[2m    2.58 kB[22m[1m[22m[2m │ gzip:   0.82 kB[22m
[2mdist/[22m[2massets/[22m[36m_basePickBy-CKOpftwU.js                   [39m[1m[2m    2.59 kB[22m[1m[22m[2m │ gzip:   1.29 kB[22m
[2mdist/[22m[2massets/[22m[36merb-BOJIQeun.js                           [39m[1m[2m    2.61 kB[22m[1m[22m[2m │ gzip:   0.83 kB[22m
[2mdist/[22m[2massets/[22m[36mhy-DFXneXwc.js                            [39m[1m[2m    2.65 kB[22m[1m[22m[2m │ gzip:   1.17 kB[22m
[2mdist/[22m[2massets/[22m[36mjson-Cp-IABpG.js                          [39m[1m[2m    2.82 kB[22m[1m[22m[2m │ gzip:   0.78 kB[22m
[2mdist/[22m[2massets/[22m[36mlog-2UxHyX5q.js                           [39m[1m[2m    2.85 kB[22m[1m[22m[2m │ gzip:   0.89 kB[22m
[2mdist/[22m[2massets/[22m[36mcairo-KRGpt6FW.js                         [39m[1m[2m    2.94 kB[22m[1m[22m[2m │ gzip:   0.81 kB[22m
[2mdist/[22m[2massets/[22m[36mjsonl-DcaNXYhu.js                         [39m[1m[2m    3.01 kB[22m[1m[22m[2m │ gzip:   0.79 kB[22m
[2mdist/[22m[2massets/[22m[36mjsonc-Des-eS-w.js                         [39m[1m[2m    3.11 kB[22m[1m[22m[2m │ gzip:   0.79 kB[22m
[2mdist/[22m[2massets/[22m[36mlogo-BtOb2qkB.js                          [39m[1m[2m    3.13 kB[22m[1m[22m[2m │ gzip:   1.48 kB[22m
[2mdist/[22m[2massets/[22m[36mpo-BTJTHyun.js                            [39m[1m[2m    3.24 kB[22m[1m[22m[2m │ gzip:   0.91 kB[22m
[2mdist/[22m[2massets/[22m[36mjson5-C9tS-k6U.js                         [39m[1m[2m    3.25 kB[22m[1m[22m[2m │ gzip:   0.83 kB[22m
[2mdist/[22m[2massets/[22m[36mmipsasm-CKIfxQSi.js                       [39m[1m[2m    3.26 kB[22m[1m[22m[2m │ gzip:   1.17 kB[22m
[2mdist/[22m[2massets/[22m[36mtasl-QIJgUcNo.js                          [39m[1m[2m    3.29 kB[22m[1m[22m[2m │ gzip:   0.85 kB[22m
[2mdist/[22m[2massets/[22m[36mgenie-D0YGMca9.js                         [39m[1m[2m    3.36 kB[22m[1m[22m[2m │ gzip:   1.21 kB[22m
[2mdist/[22m[2massets/[22m[36mrel-C3B-1QV4.js                           [39m[1m[2m    3.37 kB[22m[1m[22m[2m │ gzip:   1.10 kB[22m
[2mdist/[22m[2massets/[22m[36mvala-CsfeWuGM.js                          [39m[1m[2m    3.37 kB[22m[1m[22m[2m │ gzip:   1.18 kB[22m
[2mdist/[22m[2massets/[22m[36marc-BjJg24wn.js                           [39m[1m[2m    3.43 kB[22m[1m[22m[2m │ gzip:   1.45 kB[22m
[2mdist/[22m[2massets/[22m[36msplunk-BtCnVYZw.js                        [39m[1m[2m    3.44 kB[22m[1m[22m[2m │ gzip:   1.53 kB[22m
[2mdist/[22m[2massets/[22m[36mfluent-C4IJs8-o.js                        [39m[1m[2m    3.61 kB[22m[1m[22m[2m │ gzip:   0.90 kB[22m
[2mdist/[22m[2massets/[22m[36mssh-config-_ykCGR6B.js                    [39m[1m[2m    3.62 kB[22m[1m[22m[2m │ gzip:   1.61 kB[22m
[2mdist/[22m[2massets/[22m[36mjsonnet-DFQXde-d.js                       [39m[1m[2m    3.62 kB[22m[1m[22m[2m │ gzip:   1.05 kB[22m
[2mdist/[22m[2massets/[22m[36mkdl-DV7GczEv.js                           [39m[1m[2m    3.63 kB[22m[1m[22m[2m │ gzip:   1.03 kB[22m
[2mdist/[22m[2massets/[22m[36mglsl-DplSGwfg.js                          [39m[1m[2m    3.63 kB[22m[1m[22m[2m │ gzip:   1.42 kB[22m
[2mdist/[22m[2massets/[22m[36mhurl-irOxFIW8.js                          [39m[1m[2m    3.65 kB[22m[1m[22m[2m │ gzip:   1.16 kB[22m
[2mdist/[22m[2massets/[22m[36mnarrat-DRg8JJMk.js                        [39m[1m[2m    3.67 kB[22m[1m[22m[2m │ gzip:   1.12 kB[22m
[2mdist/[22m[2massets/[22m[36mturtle-BsS91CYL.js                        [39m[1m[2m    3.70 kB[22m[1m[22m[2m │ gzip:   0.97 kB[22m
[2mdist/[22m[2massets/[22m[36mzenscript-DVFEvuxE.js                     [39m[1m[2m    3.91 kB[22m[1m[22m[2m │ gzip:   1.29 kB[22m
[2mdist/[22m[2massets/[22m[36mpascal-D93ZcfNL.js                        [39m[1m[2m    4.15 kB[22m[1m[22m[2m │ gzip:   1.68 kB[22m
[2mdist/[22m[2massets/[22m[36mnextflow-CUEJCptM.js                      [39m[1m[2m    4.16 kB[22m[1m[22m[2m │ gzip:   1.10 kB[22m
[2mdist/[22m[2massets/[22m[36mbicep-6nHXG8SA.js                         [39m[1m[2m    4.31 kB[22m[1m[22m[2m │ gzip:   1.08 kB[22m
[2mdist/[22m[2massets/[22m[36mtcl-dwOrl1Do.js                           [39m[1m[2m    4.43 kB[22m[1m[22m[2m │ gzip:   1.51 kB[22m
[2mdist/[22m[2massets/[22m[36mrosmsg-BJDFO7_C.js                        [39m[1m[2m    4.52 kB[22m[1m[22m[2m │ gzip:   1.06 kB[22m
[2mdist/[22m[2massets/[22m[36mdefaultLocale-C4B-KCzX.js                 [39m[1m[2m    4.55 kB[22m[1m[22m[2m │ gzip:   2.11 kB[22m
[2mdist/[22m[2massets/[22m[36mhttp-jrhK8wxY.js                          [39m[1m[2m    4.55 kB[22m[1m[22m[2m │ gzip:   1.12 kB[22m
[2mdist/[22m[2massets/[22m[36mpolar-C0HS_06l.js                         [39m[1m[2m    4.67 kB[22m[1m[22m[2m │ gzip:   1.13 kB[22m
[2mdist/[22m[2massets/[22m[36msdbl-DVxCFoDh.js                          [39m[1m[2m    4.70 kB[22m[1m[22m[2m │ gzip:   1.97 kB[22m
[2mdist/[22m[2massets/[22m[36mdiagram-S2PKOQOG-C8hZVtgt.js              [39m[1m[2m    4.72 kB[22m[1m[22m[2m │ gzip:   2.06 kB[22m
[2mdist/[22m[2massets/[22m[36mfennel-BYunw83y.js                        [39m[1m[2m    4.77 kB[22m[1m[22m[2m │ gzip:   1.56 kB[22m
[2mdist/[22m[2massets/[22m[36mbibtex-CHM0blh-.js                        [39m[1m[2m    4.80 kB[22m[1m[22m[2m │ gzip:   0.83 kB[22m
[2mdist/[22m[2massets/[22m[36mllvm-BtvRca6l.js                          [39m[1m[2m    5.04 kB[22m[1m[22m[2m │ gzip:   2.03 kB[22m
[2mdist/[22m[2massets/[22m[36mwgsl-Dx-B1_4e.js                          [39m[1m[2m    5.14 kB[22m[1m[22m[2m │ gzip:   1.38 kB[22m
[2mdist/[22m[2massets/[22m[36mgdresource-B7Tvp0Sc.js                    [39m[1m[2m    5.26 kB[22m[1m[22m[2m │ gzip:   1.32 kB[22m
[2mdist/[22m[2massets/[22m[36mpieDiagram-ADFJNKIX-CIsaaoeE.js           [39m[1m[2m    5.29 kB[22m[1m[22m[2m │ gzip:   2.35 kB[22m
[2mdist/[22m[2massets/[22m[36mqml-3beO22l8.js                           [39m[1m[2m    5.34 kB[22m[1m[22m[2m │ gzip:   1.38 kB[22m
[2mdist/[22m[2massets/[22m[36mzig-VOosw3JB.js                           [39m[1m[2m    5.34 kB[22m[1m[22m[2m │ gzip:   1.55 kB[22m
[2mdist/[22m[2massets/[22m[36mdax-CEL-wOlO.js                           [39m[1m[2m    5.37 kB[22m[1m[22m[2m │ gzip:   2.20 kB[22m
[2mdist/[22m[2massets/[22m[36mxml-sdJ4AIDG.js                           [39m[1m[2m    5.38 kB[22m[1m[22m[2m │ gzip:   1.21 kB[22m
[2mdist/[22m[2massets/[22m[36mawk-DMzUqQB5.js                           [39m[1m[2m    5.46 kB[22m[1m[22m[2m │ gzip:   1.37 kB[22m
[2mdist/[22m[2massets/[22m[36mcoq-DkFqJrB1.js                           [39m[1m[2m    5.53 kB[22m[1m[22m[2m │ gzip:   1.93 kB[22m
[2mdist/[22m[2massets/[22m[36mlinear-BL5AmE4X.js                        [39m[1m[2m    5.68 kB[22m[1m[22m[2m │ gzip:   2.32 kB[22m
[2mdist/[22m[2massets/[22m[36mjinja-4LBKfQ-Z.js                         [39m[1m[2m    5.69 kB[22m[1m[22m[2m │ gzip:   1.40 kB[22m
[2mdist/[22m[2massets/[22m[36mlean-DP1Csr6i.js                          [39m[1m[2m    5.85 kB[22m[1m[22m[2m │ gzip:   1.94 kB[22m
[2mdist/[22m[2massets/[22m[36mpowerquery-CEu0bR-o.js                    [39m[1m[2m    5.90 kB[22m[1m[22m[2m │ gzip:   1.52 kB[22m
[2mdist/[22m[2massets/[22m[36mgraph-DlvIRssO.js                         [39m[1m[2m    5.92 kB[22m[1m[22m[2m │ gzip:   1.87 kB[22m
[2mdist/[22m[2massets/[22m[36mshaderlab-Dg9Lc6iA.js                     [39m[1m[2m    5.92 kB[22m[1m[22m[2m │ gzip:   2.08 kB[22m
[2mdist/[22m[2massets/[22m[36mverilog-BQ8w6xss.js                       [39m[1m[2m    5.93 kB[22m[1m[22m[2m │ gzip:   1.90 kB[22m
[2mdist/[22m[2massets/[22m[36mcypher-COkxafJQ.js                        [39m[1m[2m    5.96 kB[22m[1m[22m[2m │ gzip:   1.71 kB[22m
[2mdist/[22m[2massets/[22m[36mvb-D17OF-Vu.js                            [39m[1m[2m    6.09 kB[22m[1m[22m[2m │ gzip:   2.33 kB[22m
[2mdist/[22m[2massets/[22m[36mred-bN70gL4F.js                           [39m[1m[2m    6.26 kB[22m[1m[22m[2m │ gzip:   1.60 kB[22m
[2mdist/[22m[2massets/[22m[36mmin-dark-CafNBF8u.js                      [39m[1m[2m    6.29 kB[22m[1m[22m[2m │ gzip:   1.72 kB[22m
[2mdist/[22m[2massets/[22m[36mgdshader-DkwncUOv.js                      [39m[1m[2m    6.33 kB[22m[1m[22m[2m │ gzip:   1.73 kB[22m
[2mdist/[22m[2massets/[22m[36mprisma-Dd19v3D-.js                        [39m[1m[2m    6.33 kB[22m[1m[22m[2m │ gzip:   1.39 kB[22m
[2mdist/[22m[2massets/[22m[36mara-BRHolxvo.js                           [39m[1m[2m    6.36 kB[22m[1m[22m[2m │ gzip:   1.80 kB[22m
[2mdist/[22m[2massets/[22m[36mclojure-P80f7IUj.js                       [39m[1m[2m    6.41 kB[22m[1m[22m[2m │ gzip:   1.42 kB[22m
[2mdist/[22m[2massets/[22m[36mpostcss-CXtECtnM.js                       [39m[1m[2m    6.42 kB[22m[1m[22m[2m │ gzip:   1.92 kB[22m
[2mdist/[22m[2massets/[22m[36mtoml-vGWfd6FD.js                          [39m[1m[2m    6.43 kB[22m[1m[22m[2m │ gzip:   1.28 kB[22m
[2mdist/[22m[2massets/[22m[36msolarized-light-L9t79GZl.js               [39m[1m[2m    6.48 kB[22m[1m[22m[2m │ gzip:   1.74 kB[22m
[2mdist/[22m[2massets/[22m[36mproto-DyJlTyXw.js                         [39m[1m[2m    6.52 kB[22m[1m[22m[2m │ gzip:   1.41 kB[22m
[2mdist/[22m[2massets/[22m[36mdiagram-QEK2KX5R-DKh4u3lv.js              [39m[1m[2m    6.54 kB[22m[1m[22m[2m │ gzip:   2.75 kB[22m
[2mdist/[22m[2massets/[22m[36msmalltalk-BERRCDM3.js                     [39m[1m[2m    6.59 kB[22m[1m[22m[2m │ gzip:   1.62 kB[22m
[2mdist/[22m[2massets/[22m[36mtalonscript-CkByrt1z.js                   [39m[1m[2m    6.76 kB[22m[1m[22m[2m │ gzip:   1.49 kB[22m
[2mdist/[22m[2massets/[22m[36msolarized-dark-DXbdFlpD.js                [39m[1m[2m    6.85 kB[22m[1m[22m[2m │ gzip:   1.81 kB[22m
[2mdist/[22m[2massets/[22m[36mriscv-BM1_JUlF.js                         [39m[1m[2m    6.91 kB[22m[1m[22m[2m │ gzip:   1.98 kB[22m
[2mdist/[22m[2massets/[22m[36mmin-light-CTRr51gU.js                     [39m[1m[2m    6.97 kB[22m[1m[22m[2m │ gzip:   1.90 kB[22m
[2mdist/[22m[2massets/[22m[36msoy-Brmx7dQM.js                           [39m[1m[2m    6.98 kB[22m[1m[22m[2m │ gzip:   1.65 kB[22m
[2mdist/[22m[2massets/[22m[36mscheme-C98Dy4si.js                        [39m[1m[2m    7.17 kB[22m[1m[22m[2m │ gzip:   2.06 kB[22m
[2mdist/[22m[2massets/[22m[36mhlsl-D3lLCCz7.js                          [39m[1m[2m    7.26 kB[22m[1m[22m[2m │ gzip:   2.18 kB[22m
[2mdist/[22m[2massets/[22m[36mqss-IeuSbFQv.js                           [39m[1m[2m    7.47 kB[22m[1m[22m[2m │ gzip:   2.59 kB[22m
[2mdist/[22m[2massets/[22m[36mdart-CF10PKvl.js                          [39m[1m[2m    7.81 kB[22m[1m[22m[2m │ gzip:   1.92 kB[22m
[2mdist/[22m[2massets/[22m[36msystemd-4A_iFExJ.js                       [39m[1m[2m    7.87 kB[22m[1m[22m[2m │ gzip:   2.53 kB[22m
[2mdist/[22m[2massets/[22m[36mmonokai-D4h5O-jR.js                       [39m[1m[2m    7.88 kB[22m[1m[22m[2m │ gzip:   1.92 kB[22m
[2mdist/[22m[2massets/[22m[36mregexp-CDVJQ6XC.js                        [39m[1m[2m    7.99 kB[22m[1m[22m[2m │ gzip:   1.42 kB[22m
[2mdist/[22m[2massets/[22m[36mhaml-B8DHNrY2.js                          [39m[1m[2m    8.26 kB[22m[1m[22m[2m │ gzip:   1.81 kB[22m
[2mdist/[22m[2massets/[22m[36mtypst-DHCkPAjA.js                         [39m[1m[2m    8.39 kB[22m[1m[22m[2m │ gzip:   1.67 kB[22m
[2mdist/[22m[2massets/[22m[36mplsql-ChMvpjG-.js                         [39m[1m[2m    8.51 kB[22m[1m[22m[2m │ gzip:   3.02 kB[22m
[2mdist/[22m[2massets/[22m[36mvue-html-DAAvJJDi.js                      [39m[1m[2m    8.67 kB[22m[1m[22m[2m │ gzip:   1.76 kB[22m
[2mdist/[22m[2massets/[22m[36mkotlin-BdnUsdx6.js                        [39m[1m[2m    8.79 kB[22m[1m[22m[2m │ gzip:   2.13 kB[22m
[2mdist/[22m[2massets/[22m[36mts-tags-zn1MmPIZ.js                       [39m[1m[2m    8.95 kB[22m[1m[22m[2m │ gzip:   1.22 kB[22m
[2mdist/[22m[2massets/[22m[36mmake-CHLpvVh8.js                          [39m[1m[2m    8.96 kB[22m[1m[22m[2m │ gzip:   1.76 kB[22m
[2mdist/[22m[2massets/[22m[36mandromeeda-C-Jbm3Hp.js                    [39m[1m[2m    8.98 kB[22m[1m[22m[2m │ gzip:   2.36 kB[22m
[2mdist/[22m[2massets/[22m[36msas-cz2c8ADy.js                           [39m[1m[2m    9.06 kB[22m[1m[22m[2m │ gzip:   3.78 kB[22m
[2mdist/[22m[2massets/[22m[36mdark-plus-eOWES_5F.js                     [39m[1m[2m    9.10 kB[22m[1m[22m[2m │ gzip:   2.10 kB[22m
[2mdist/[22m[2massets/[22m[36mslack-dark-BthQWCQV.js                    [39m[1m[2m    9.12 kB[22m[1m[22m[2m │ gzip:   1.98 kB[22m
[2mdist/[22m[2massets/[22m[36msass-Cj5Yp3dK.js                          [39m[1m[2m    9.29 kB[22m[1m[22m[2m │ gzip:   2.49 kB[22m
[2mdist/[22m[2massets/[22m[36mplastic-3e1v2bzS.js                       [39m[1m[2m    9.30 kB[22m[1m[22m[2m │ gzip:   1.99 kB[22m
[2mdist/[22m[2massets/[22m[36mslack-ochin-DqwNpetd.js                   [39m[1m[2m    9.43 kB[22m[1m[22m[2m │ gzip:   2.11 kB[22m
[2mdist/[22m[2massets/[22m[36mtex-Cppo0RY3.js                           [39m[1m[2m    9.65 kB[22m[1m[22m[2m │ gzip:   3.07 kB[22m
[2mdist/[22m[2massets/[22m[36mjison-wvAkD_A8.js                         [39m[1m[2m    9.69 kB[22m[1m[22m[2m │ gzip:   1.85 kB[22m
[2mdist/[22m[2massets/[22m[36mcmake-D1j8_8rp.js                         [39m[1m[2m    9.86 kB[22m[1m[22m[2m │ gzip:   3.37 kB[22m
[2mdist/[22m[2massets/[22m[36mlight-plus-B7mTdjB0.js                    [39m[1m[2m    9.94 kB[22m[1m[22m[2m │ gzip:   2.29 kB[22m
[2mdist/[22m[2massets/[22m[36mhcl-BWvSN4gD.js                           [39m[1m[2m   10.05 kB[22m[1m[22m[2m │ gzip:   1.93 kB[22m
[2mdist/[22m[2massets/[22m[36mpkl-u5AG7uiY.js                           [39m[1m[2m   10.37 kB[22m[1m[22m[2m │ gzip:   1.38 kB[22m
[2mdist/[22m[2massets/[22m[36mbeancount-k_qm7-4y.js                     [39m[1m[2m   10.37 kB[22m[1m[22m[2m │ gzip:   1.44 kB[22m
[2mdist/[22m[2massets/[22m[36mstateDiagram-FKZM4ZOC-5eOm-xrQ.js         [39m[1m[2m   10.39 kB[22m[1m[22m[2m │ gzip:   3.64 kB[22m
[2mdist/[22m[2massets/[22m[36mdream-maker-BtqSS_iP.js                   [39m[1m[2m   10.47 kB[22m[1m[22m[2m │ gzip:   2.25 kB[22m
[2mdist/[22m[2massets/[22m[36mraku-DXvB9xmW.js                          [39m[1m[2m   10.47 kB[22m[1m[22m[2m │ gzip:   2.97 kB[22m
[2mdist/[22m[2massets/[22m[36myaml-Buea-lGh.js                          [39m[1m[2m   10.51 kB[22m[1m[22m[2m │ gzip:   2.26 kB[22m
[2mdist/[22m[2massets/[22m[36mrst-B0xPkSld.js                           [39m[1m[2m   10.67 kB[22m[1m[22m[2m │ gzip:   2.42 kB[22m
[2mdist/[22m[2massets/[22m[36melm-DbKCFpqz.js                           [39m[1m[2m   10.97 kB[22m[1m[22m[2m │ gzip:   2.11 kB[22m
[2mdist/[22m[2massets/[22m[36mgithub-light-DAi9KRSo.js                  [39m[1m[2m   11.18 kB[22m[1m[22m[2m │ gzip:   2.52 kB[22m
[2mdist/[22m[2massets/[22m[36mprolog-CbFg5uaA.js                        [39m[1m[2m   11.36 kB[22m[1m[22m[2m │ gzip:   3.85 kB[22m
[2mdist/[22m[2massets/[22m[36mterraform-BETggiCN.js                     [39m[1m[2m   11.39 kB[22m[1m[22m[2m │ gzip:   2.51 kB[22m
[2mdist/[22m[2massets/[22m[36mgithub-dark-DHJKELXO.js                   [39m[1m[2m   11.41 kB[22m[1m[22m[2m │ gzip:   2.56 kB[22m
[2mdist/[22m[2massets/[22m[36mpuppet-BMWR74SV.js                        [39m[1m[2m   11.44 kB[22m[1m[22m[2m │ gzip:   2.11 kB[22m
[2mdist/[22m[2massets/[22m[36mlaserwave-DUszq2jm.js                     [39m[1m[2m   11.50 kB[22m[1m[22m[2m │ gzip:   2.60 kB[22m
[2mdist/[22m[2massets/[22m[36mdagre-6UL2VRFP-Yr0x57UR.js                [39m[1m[2m   11.72 kB[22m[1m[22m[2m │ gzip:   4.40 kB[22m
[2mdist/[22m[2massets/[22m[36m_baseUniq-DxdG3z7d.js                     [39m[1m[2m   11.90 kB[22m[1m[22m[2m │ gzip:   4.63 kB[22m
[2mdist/[22m[2massets/[22m[36mgherkin-DyxjwDmM.js                       [39m[1m[2m   11.95 kB[22m[1m[22m[2m │ gzip:   4.94 kB[22m
[2mdist/[22m[2massets/[22m[36mwasm-MzD3tlZU.js                          [39m[1m[2m   12.01 kB[22m[1m[22m[2m │ gzip:   2.19 kB[22m
[2mdist/[22m[2massets/[22m[36mhjson-D5-asLiD.js                         [39m[1m[2m   12.05 kB[22m[1m[22m[2m │ gzip:   1.64 kB[22m
[2mdist/[22m[2massets/[22m[36mhandlebars-BL8al0AC.js                    [39m[1m[2m   12.15 kB[22m[1m[22m[2m │ gzip:   2.37 kB[22m
[2mdist/[22m[2massets/[22m[36mapache-Pmp26Uib.js                        [39m[1m[2m   12.46 kB[22m[1m[22m[2m │ gzip:   3.71 kB[22m
[2mdist/[22m[2massets/[22m[36mvesper-DU1UobuO.js                        [39m[1m[2m   12.69 kB[22m[1m[22m[2m │ gzip:   1.98 kB[22m
[2mdist/[22m[2massets/[22m[36mbat-BkioyH1T.js                           [39m[1m[2m   12.89 kB[22m[1m[22m[2m │ gzip:   3.21 kB[22m
[2mdist/[22m[2massets/[22m[36mfish-BvzEVeQv.js                          [39m[1m[2m   13.04 kB[22m[1m[22m[2m │ gzip:   1.74 kB[22m
[2mdist/[22m[2massets/[22m[36mv-BcVCzyr7.js                             [39m[1m[2m   13.21 kB[22m[1m[22m[2m │ gzip:   2.74 kB[22m
[2mdist/[22m[2massets/[22m[36mvitesse-light-CVO1_9PV.js                 [39m[1m[2m   13.62 kB[22m[1m[22m[2m │ gzip:   3.06 kB[22m
[2mdist/[22m[2massets/[22m[36maurora-x-D-2ljcwZ.js                      [39m[1m[2m   13.66 kB[22m[1m[22m[2m │ gzip:   2.30 kB[22m
[2mdist/[22m[2massets/[22m[36mvitesse-black-Bkuqu6BP.js                 [39m[1m[2m   13.68 kB[22m[1m[22m[2m │ gzip:   3.08 kB[22m
[2mdist/[22m[2massets/[22m[36mvitesse-dark-D0r3Knsf.js                  [39m[1m[2m   13.76 kB[22m[1m[22m[2m │ gzip:   3.08 kB[22m
[2mdist/[22m[2massets/[22m[36mluau-CXu1NL6O.js                          [39m[1m[2m   13.84 kB[22m[1m[22m[2m │ gzip:   3.14 kB[22m
[2mdist/[22m[2massets/[22m[36mpug-CGlum2m_.js                           [39m[1m[2m   13.84 kB[22m[1m[22m[2m │ gzip:   2.57 kB[22m
[2mdist/[22m[2massets/[22m[36msynthwave-84-CbfX1IO0.js                  [39m[1m[2m   14.04 kB[22m[1m[22m[2m │ gzip:   2.88 kB[22m
[2mdist/[22m[2massets/[22m[36mactionscript-3-CfeIJUat.js                [39m[1m[2m   14.05 kB[22m[1m[22m[2m │ gzip:   2.57 kB[22m
[2mdist/[22m[2massets/[22m[36mgithub-light-default-D7oLnXFd.js          [39m[1m[2m   14.16 kB[22m[1m[22m[2m │ gzip:   3.06 kB[22m
[2mdist/[22m[2massets/[22m[36mclarity-D53aC0YG.js                       [39m[1m[2m   14.28 kB[22m[1m[22m[2m │ gzip:   2.46 kB[22m
[2mdist/[22m[2massets/[22m[36mgithub-light-high-contrast-BfjtVDDH.js    [39m[1m[2m   14.28 kB[22m[1m[22m[2m │ gzip:   3.04 kB[22m
[2mdist/[22m[2massets/[22m[36mgithub-dark-dimmed-DH5Ifo-i.js            [39m[1m[2m   14.43 kB[22m[1m[22m[2m │ gzip:   3.14 kB[22m
[2mdist/[22m[2massets/[22m[36mgithub-dark-default-Cuk6v7N8.js           [39m[1m[2m   14.44 kB[22m[1m[22m[2m │ gzip:   3.14 kB[22m
[2mdist/[22m[2massets/[22m[36mnix-BbRYJGeE.js                           [39m[1m[2m   14.57 kB[22m[1m[22m[2m │ gzip:   2.21 kB[22m
[2mdist/[22m[2massets/[22m[36mgithub-dark-high-contrast-E3gJ1_iC.js     [39m[1m[2m   14.60 kB[22m[1m[22m[2m │ gzip:   3.10 kB[22m
[2mdist/[22m[2massets/[22m[36mgnuplot-DdkO51Og.js                       [39m[1m[2m   14.78 kB[22m[1m[22m[2m │ gzip:   3.28 kB[22m
[2mdist/[22m[2massets/[22m[36mayu-dark-Cv9koXgw.js                      [39m[1m[2m   14.95 kB[22m[1m[22m[2m │ gzip:   3.09 kB[22m
[2mdist/[22m[2massets/[22m[36mrust-B1yitclQ.js                          [39m[1m[2m   15.07 kB[22m[1m[22m[2m │ gzip:   2.70 kB[22m
[2mdist/[22m[2massets/[22m[36mkusto-BvAqAH-y.js                         [39m[1m[2m   15.17 kB[22m[1m[22m[2m │ gzip:   3.95 kB[22m
[2mdist/[22m[2massets/[22m[36mlua-BbnMAYS6.js                           [39m[1m[2m   15.21 kB[22m[1m[22m[2m │ gzip:   3.10 kB[22m
[2mdist/[22m[2massets/[22m[36mabap-BdImnpbu.js                          [39m[1m[2m   15.85 kB[22m[1m[22m[2m │ gzip:   5.90 kB[22m
[2mdist/[22m[2massets/[22m[36mmatlab-D7o27uSR.js                        [39m[1m[2m   16.09 kB[22m[1m[22m[2m │ gzip:   3.05 kB[22m
[2mdist/[22m[2massets/[22m[36mcue-D82EKSYY.js                           [39m[1m[2m   16.20 kB[22m[1m[22m[2m │ gzip:   2.05 kB[22m
[2mdist/[22m[2massets/[22m[36msolidity-BbcW6ACK.js                      [39m[1m[2m   16.24 kB[22m[1m[22m[2m │ gzip:   3.12 kB[22m
[2mdist/[22m[2massets/[22m[36melixir-CDX3lj18.js                        [39m[1m[2m   16.32 kB[22m[1m[22m[2m │ gzip:   2.79 kB[22m
[2mdist/[22m[2massets/[22m[36mdiagram-PSM6KHXK-C37vPGLz.js              [39m[1m[2m   16.57 kB[22m[1m[22m[2m │ gzip:   5.95 kB[22m
[2mdist/[22m[2massets/[22m[36mkanagawa-wave-DWedfzmr.js                 [39m[1m[2m   17.12 kB[22m[1m[22m[2m │ gzip:   2.93 kB[22m
[2mdist/[22m[2massets/[22m[36mkanagawa-lotus-CfQXZHmo.js                [39m[1m[2m   17.13 kB[22m[1m[22m[2m │ gzip:   2.94 kB[22m
[2mdist/[22m[2massets/[22m[36mkanagawa-dragon-CkXjmgJE.js               [39m[1m[2m   17.13 kB[22m[1m[22m[2m │ gzip:   2.95 kB[22m
[2mdist/[22m[2massets/[22m[36mmove-Bu9oaDYs.js                          [39m[1m[2m   17.33 kB[22m[1m[22m[2m │ gzip:   3.06 kB[22m
[2mdist/[22m[2massets/[22m[36msvelte-3Dk4HxPD.js                        [39m[1m[2m   17.81 kB[22m[1m[22m[2m │ gzip:   3.04 kB[22m
[2mdist/[22m[2massets/[22m[36mgraphql-ChdNCCLP.js                       [39m[1m[2m   18.00 kB[22m[1m[22m[2m │ gzip:   2.52 kB[22m
[2mdist/[22m[2massets/[22m[36mliquid-DYVedYrR.js                        [39m[1m[2m   18.09 kB[22m[1m[22m[2m │ gzip:   3.16 kB[22m
[2mdist/[22m[2massets/[22m[36mmaterial-theme-D5KoaKCx.js                [39m[1m[2m   18.62 kB[22m[1m[22m[2m │ gzip:   3.13 kB[22m
[2mdist/[22m[2massets/[22m[36mmaterial-theme-darker-BfHTSMKl.js         [39m[1m[2m   18.63 kB[22m[1m[22m[2m │ gzip:   3.12 kB[22m
[2mdist/[22m[2massets/[22m[36mmaterial-theme-ocean-CyktbL80.js          [39m[1m[2m   18.63 kB[22m[1m[22m[2m │ gzip:   3.15 kB[22m
[2mdist/[22m[2massets/[22m[36mmaterial-theme-lighter-B0m2ddpp.js        [39m[1m[2m   18.63 kB[22m[1m[22m[2m │ gzip:   3.13 kB[22m
[2mdist/[22m[2massets/[22m[36mmaterial-theme-palenight-Csfq5Kiy.js      [39m[1m[2m   18.64 kB[22m[1m[22m[2m │ gzip:   3.14 kB[22m
[2mdist/[22m[2massets/[22m[36mgdscript-DTMYz4Jt.js                      [39m[1m[2m   18.98 kB[22m[1m[22m[2m │ gzip:   3.74 kB[22m
[2mdist/[22m[2massets/[22m[36mgroovy-gcz8RCvz.js                        [39m[1m[2m   19.18 kB[22m[1m[22m[2m │ gzip:   3.59 kB[22m
[2mdist/[22m[2massets/[22m[36mmdc-DUICxH0z.js                           [39m[1m[2m   19.63 kB[22m[1m[22m[2m │ gzip:   6.68 kB[22m
[2mdist/[22m[2massets/[22m[36mglimmer-js-Rg0-pVw9.js                    [39m[1m[2m   20.07 kB[22m[1m[22m[2m │ gzip:   2.94 kB[22m
[2mdist/[22m[2massets/[22m[36mglimmer-ts-U6CK756n.js                    [39m[1m[2m   20.07 kB[22m[1m[22m[2m │ gzip:   2.93 kB[22m
[2mdist/[22m[2massets/[22m[36mpowershell-Dpen1YoG.js                    [39m[1m[2m   20.15 kB[22m[1m[22m[2m │ gzip:   4.07 kB[22m
[2mdist/[22m[2massets/[22m[36mviml-CJc9bBzg.js                          [39m[1m[2m   20.37 kB[22m[1m[22m[2m │ gzip:   6.76 kB[22m
[2mdist/[22m[2massets/[22m[36mnushell-C-sUppwS.js                       [39m[1m[2m   20.40 kB[22m[1m[22m[2m │ gzip:   5.21 kB[22m
[2mdist/[22m[2massets/[22m[36mkanban-definition-3W4ZIXB7-DgXQzG-k.js    [39m[1m[2m   20.71 kB[22m[1m[22m[2m │ gzip:   7.22 kB[22m
[2mdist/[22m[2massets/[22m[36msnazzy-light-Bw305WKR.js                  [39m[1m[2m   20.77 kB[22m[1m[22m[2m │ gzip:   3.85 kB[22m
[2mdist/[22m[2massets/[22m[36mvue-CCoi5OLL.js                           [39m[1m[2m   21.06 kB[22m[1m[22m[2m │ gzip:   2.69 kB[22m
[2mdist/[22m[2massets/[22m[36mdracula-BzJJZx-M.js                       [39m[1m[2m   21.07 kB[22m[1m[22m[2m │ gzip:   4.03 kB[22m
[2mdist/[22m[2massets/[22m[36mdracula-soft-BXkSAIEj.js                  [39m[1m[2m   21.08 kB[22m[1m[22m[2m │ gzip:   4.07 kB[22m
[2mdist/[22m[2massets/[22m[36mmindmap-definition-VGOIOE7T-FjTAKloG.js   [39m[1m[2m   21.18 kB[22m[1m[22m[2m │ gzip:   7.32 kB[22m
[2mdist/[22m[2massets/[22m[36mtwig-CO9l9SDP.js                          [39m[1m[2m   21.36 kB[22m[1m[22m[2m │ gzip:   3.87 kB[22m
[2mdist/[22m[2massets/[22m[36mwit-5i3qLPDT.js                           [39m[1m[2m   21.47 kB[22m[1m[22m[2m │ gzip:   2.88 kB[22m
[2mdist/[22m[2massets/[22m[36mrose-pine-BHrmToEH.js                     [39m[1m[2m   21.74 kB[22m[1m[22m[2m │ gzip:   3.89 kB[22m
[2mdist/[22m[2massets/[22m[36mrose-pine-moon-NleAzG8P.js                [39m[1m[2m   21.75 kB[22m[1m[22m[2m │ gzip:   3.91 kB[22m
[2mdist/[22m[2massets/[22m[36mrose-pine-dawn-CnK8MTSM.js                [39m[1m[2m   21.75 kB[22m[1m[22m[2m │ gzip:   3.91 kB[22m
[2mdist/[22m[2massets/[22m[36msankeyDiagram-TZEHDZUN-C3HsO8G4.js        [39m[1m[2m   22.37 kB[22m[1m[22m[2m │ gzip:   8.17 kB[22m
[2mdist/[22m[2massets/[22m[36mnim-CVrawwO9.js                           [39m[1m[2m   22.46 kB[22m[1m[22m[2m │ gzip:   3.16 kB[22m
[2mdist/[22m[2massets/[22m[36mcommon-lisp-Cg-RD9OK.js                   [39m[1m[2m   22.58 kB[22m[1m[22m[2m │ gzip:   6.09 kB[22m
[2mdist/[22m[2massets/[22m[36mgruvbox-dark-hard-CFHQjOhq.js             [39m[1m[2m   22.63 kB[22m[1m[22m[2m │ gzip:   4.20 kB[22m
[2mdist/[22m[2massets/[22m[36mgruvbox-dark-soft-CVdnzihN.js             [39m[1m[2m   22.63 kB[22m[1m[22m[2m │ gzip:   4.20 kB[22m
[2mdist/[22m[2massets/[22m[36mgruvbox-light-hard-CH1njM8p.js            [39m[1m[2m   22.64 kB[22m[1m[22m[2m │ gzip:   4.21 kB[22m
[2mdist/[22m[2massets/[22m[36mgruvbox-light-soft-hJgmCMqR.js            [39m[1m[2m   22.64 kB[22m[1m[22m[2m │ gzip:   4.21 kB[22m
[2mdist/[22m[2massets/[22m[36mgruvbox-dark-medium-GsRaNv29.js           [39m[1m[2m   22.64 kB[22m[1m[22m[2m │ gzip:   4.20 kB[22m
[2mdist/[22m[2massets/[22m[36mgruvbox-light-medium-DRw_LuNl.js          [39m[1m[2m   22.64 kB[22m[1m[22m[2m │ gzip:   4.21 kB[22m
[2mdist/[22m[2massets/[22m[36msql-BLtJtn59.js                           [39m[1m[2m   23.41 kB[22m[1m[22m[2m │ gzip:   7.42 kB[22m
[2mdist/[22m[2massets/[22m[36mjourneyDiagram-XKPGCS4Q-C64P__pc.js       [39m[1m[2m   23.61 kB[22m[1m[22m[2m │ gzip:   8.30 kB[22m
[2mdist/[22m[2massets/[22m[36mtypespec-Df68jz8_.js                      [39m[1m[2m   23.66 kB[22m[1m[22m[2m │ gzip:   2.56 kB[22m
[2mdist/[22m[2massets/[22m[36mcadence-Bv_4Rxtq.js                       [39m[1m[2m   23.67 kB[22m[1m[22m[2m │ gzip:   3.67 kB[22m
[2mdist/[22m[2massets/[22m[36mtimeline-definition-IT6M3QCI-ByvD7u8m.js  [39m[1m[2m   23.80 kB[22m[1m[22m[2m │ gzip:   8.28 kB[22m
[2mdist/[22m[2massets/[22m[36mastro-CbQHKStN.js                         [39m[1m[2m   24.01 kB[22m[1m[22m[2m │ gzip:   7.58 kB[22m
[2mdist/[22m[2massets/[22m[36mapl-dKokRX4l.js                           [39m[1m[2m   24.04 kB[22m[1m[22m[2m │ gzip:   4.17 kB[22m
[2mdist/[22m[2massets/[22m[36mtempl-W15q3VgB.js                         [39m[1m[2m   24.06 kB[22m[1m[22m[2m │ gzip:   5.41 kB[22m
[2mdist/[22m[2massets/[22m[36mvhdl-CeAyd5Ju.js                          [39m[1m[2m   24.26 kB[22m[1m[22m[2m │ gzip:   3.89 kB[22m
[2mdist/[22m[2massets/[22m[36mangular-html-CU67Zn6k.js                  [39m[1m[2m   24.29 kB[22m[1m[22m[2m │ gzip:   4.00 kB[22m
[2mdist/[22m[2massets/[22m[36mpurescript-CklMAg4u.js                    [39m[1m[2m   24.69 kB[22m[1m[22m[2m │ gzip:   3.24 kB[22m
[2mdist/[22m[2massets/[22m[36mone-light-PoHY5YXO.js                     [39m[1m[2m   25.30 kB[22m[1m[22m[2m │ gzip:   3.68 kB[22m
[2mdist/[22m[2massets/[22m[36mfsharp-CXgrBDvD.js                        [39m[1m[2m   25.31 kB[22m[1m[22m[2m │ gzip:   4.13 kB[22m
[2mdist/[22m[2massets/[22m[36mmarko-CPi9NSCl.js                         [39m[1m[2m   25.44 kB[22m[1m[22m[2m │ gzip:   3.56 kB[22m
[2mdist/[22m[2massets/[22m[36merDiagram-Q2GNP2WA-BZt_LxRD.js            [39m[1m[2m   25.45 kB[22m[1m[22m[2m │ gzip:   8.81 kB[22m
[2mdist/[22m[2massets/[22m[36mgitGraphDiagram-NY62KEGX-DATH6y9-.js      [39m[1m[2m   25.48 kB[22m[1m[22m[2m │ gzip:   7.85 kB[22m
[2mdist/[22m[2massets/[22m[36mrazor-WgofotgN.js                         [39m[1m[2m   25.56 kB[22m[1m[22m[2m │ gzip:   3.44 kB[22m
[2mdist/[22m[2massets/[22m[36msystem-verilog-CnnmHF94.js                [39m[1m[2m   26.20 kB[22m[1m[22m[2m │ gzip:   4.83 kB[22m
[2mdist/[22m[2massets/[22m[36mnord-Ddv68eIx.js                          [39m[1m[2m   26.72 kB[22m[1m[22m[2m │ gzip:   4.41 kB[22m
[2mdist/[22m[2massets/[22m[36mcodeql-DsOJ9woJ.js                        [39m[1m[2m   26.88 kB[22m[1m[22m[2m │ gzip:   3.80 kB[22m
[2mdist/[22m[2massets/[22m[36mscss-OYdSNvt2.js                          [39m[1m[2m   27.20 kB[22m[1m[22m[2m │ gzip:   4.20 kB[22m
[2mdist/[22m[2massets/[22m[36mjava-CylS5w8V.js                          [39m[1m[2m   27.22 kB[22m[1m[22m[2m │ gzip:   4.27 kB[22m
[2mdist/[22m[2massets/[22m[36mlayout-AXS7ZxTz.js                        [39m[1m[2m   27.39 kB[22m[1m[22m[2m │ gzip:   9.72 kB[22m
[2mdist/[22m[2massets/[22m[36mcoffee-Ch7k5sss.js                        [39m[1m[2m   27.42 kB[22m[1m[22m[2m │ gzip:   6.35 kB[22m
[2mdist/[22m[2massets/[22m[36mmermaid-DKYwYmdq.js                       [39m[1m[2m   28.50 kB[22m[1m[22m[2m │ gzip:   3.55 kB[22m
[2mdist/[22m[2massets/[22m[36mscala-C151Ov-r.js                         [39m[1m[2m   28.88 kB[22m[1m[22m[2m │ gzip:   3.93 kB[22m
[2mdist/[22m[2massets/[22m[36mnight-owl-C39BiMTA.js                     [39m[1m[2m   28.91 kB[22m[1m[22m[2m │ gzip:   5.18 kB[22m
[2mdist/[22m[2massets/[22m[36mcrystal-tKQVLTB8.js                       [39m[1m[2m   29.39 kB[22m[1m[22m[2m │ gzip:   4.42 kB[22m
[2mdist/[22m[2massets/[22m[36mapplescript-Co6uUVPk.js                   [39m[1m[2m   29.57 kB[22m[1m[22m[2m │ gzip:   5.96 kB[22m
[2mdist/[22m[2massets/[22m[36mrequirementDiagram-UZGBJVZJ-41WMUPyi.js   [39m[1m[2m   30.40 kB[22m[1m[22m[2m │ gzip:   9.44 kB[22m
[2mdist/[22m[2massets/[22m[36mjulia-C8NyazO9.js                         [39m[1m[2m   31.07 kB[22m[1m[22m[2m │ gzip:   4.28 kB[22m
[2mdist/[22m[2massets/[22m[36mstylus-BEDo0Tqx.js                        [39m[1m[2m   31.07 kB[22m[1m[22m[2m │ gzip:   8.02 kB[22m
[2mdist/[22m[2massets/[22m[36mpoimandres-CS3Unz2-.js                    [39m[1m[2m   33.49 kB[22m[1m[22m[2m │ gzip:   5.53 kB[22m
[2mdist/[22m[2massets/[22m[36mone-dark-pro-DVMEJ2y_.js                  [39m[1m[2m   33.79 kB[22m[1m[22m[2m │ gzip:   5.54 kB[22m
[2mdist/[22m[2massets/[22m[36mbsl-BO_Y6i37.js                           [39m[1m[2m   33.87 kB[22m[1m[22m[2m │ gzip:   8.30 kB[22m
[2mdist/[22m[2massets/[22m[36mquadrantDiagram-AYHSOK5B-ChqP-cjl.js      [39m[1m[2m   34.82 kB[22m[1m[22m[2m │ gzip:  10.19 kB[22m
[2mdist/[22m[2massets/[22m[36mhaxe-CzTSHFRz.js                          [39m[1m[2m   35.16 kB[22m[1m[22m[2m │ gzip:   5.93 kB[22m
[2mdist/[22m[2massets/[22m[36mnginx-DknmC5AR.js                         [39m[1m[2m   35.37 kB[22m[1m[22m[2m │ gzip:   4.47 kB[22m
[2mdist/[22m[2massets/[22m[36mhouston-DnULxvSX.js                       [39m[1m[2m   35.42 kB[22m[1m[22m[2m │ gzip:   5.80 kB[22m
[2mdist/[22m[2massets/[22m[36mtokyo-night-hegEt444.js                   [39m[1m[2m   35.67 kB[22m[1m[22m[2m │ gzip:   6.26 kB[22m
[2mdist/[22m[2massets/[22m[36mchunk-DI55MBZ5-CbfXock5.js                [39m[1m[2m   36.93 kB[22m[1m[22m[2m │ gzip:  11.88 kB[22m
[2mdist/[22m[2massets/[22m[36merlang-DsQrWhSR.js                        [39m[1m[2m   37.48 kB[22m[1m[22m[2m │ gzip:   4.40 kB[22m
[2mdist/[22m[2massets/[22m[36mcobol-nwyudZeR.js                         [39m[1m[2m   39.15 kB[22m[1m[22m[2m │ gzip:  10.86 kB[22m
[2mdist/[22m[2massets/[22m[36mxychartDiagram-PRI3JC2R-BbZdz2k_.js       [39m[1m[2m   40.26 kB[22m[1m[22m[2m │ gzip:  11.38 kB[22m
[2mdist/[22m[2massets/[22m[36masm-D_Q5rh1f.js                           [39m[1m[2m   40.72 kB[22m[1m[22m[2m │ gzip:   8.24 kB[22m
[2mdist/[22m[2massets/[22m[36mshellscript-Yzrsuije.js                   [39m[1m[2m   41.48 kB[22m[1m[22m[2m │ gzip:   6.10 kB[22m
[2mdist/[22m[2massets/[22m[36mhaskell-Df6bDoY_.js                       [39m[1m[2m   41.49 kB[22m[1m[22m[2m │ gzip:   6.42 kB[22m
[2mdist/[22m[2massets/[22m[36mperl-C0TMdlhV.js                          [39m[1m[2m   43.16 kB[22m[1m[22m[2m │ gzip:   4.66 kB[22m
[2mdist/[22m[2massets/[22m[36md-85-TOEBH.js                             [39m[1m[2m   43.80 kB[22m[1m[22m[2m │ gzip:   8.44 kB[22m
[2mdist/[22m[2massets/[22m[36mchunk-B4BG7PRW-FvKAOxD8.js                [39m[1m[2m   45.51 kB[22m[1m[22m[2m │ gzip:  14.59 kB[22m
[2mdist/[22m[2massets/[22m[36mruby-BvKwtOVI.js                          [39m[1m[2m   45.91 kB[22m[1m[22m[2m │ gzip:   5.69 kB[22m
[2mdist/[22m[2massets/[22m[36mapex-C7Pw0Ztw.js                          [39m[1m[2m   46.12 kB[22m[1m[22m[2m │ gzip:   6.69 kB[22m
[2mdist/[22m[2massets/[22m[36mgo-Dn2_MT6a.js                            [39m[1m[2m   46.78 kB[22m[1m[22m[2m │ gzip:   5.19 kB[22m
[2mdist/[22m[2massets/[22m[36mcatppuccin-mocha-D87Tk5Gz.js              [39m[1m[2m   47.26 kB[22m[1m[22m[2m │ gzip:   8.04 kB[22m
[2mdist/[22m[2massets/[22m[36mcatppuccin-latte-C9dUb6Cb.js              [39m[1m[2m   47.26 kB[22m[1m[22m[2m │ gzip:   8.04 kB[22m
[2mdist/[22m[2massets/[22m[36mcatppuccin-frappe-DFWUc33u.js             [39m[1m[2m   47.26 kB[22m[1m[22m[2m │ gzip:   8.05 kB[22m
[2mdist/[22m[2massets/[22m[36mcatppuccin-macchiato-DQyhUUbL.js          [39m[1m[2m   47.26 kB[22m[1m[22m[2m │ gzip:   8.05 kB[22m
[2mdist/[22m[2massets/[22m[36mada-bCR0ucgS.js                           [39m[1m[2m   48.08 kB[22m[1m[22m[2m │ gzip:   6.09 kB[22m
[2mdist/[22m[2massets/[22m[36mcss-DPfMkruS.js                           [39m[1m[2m   49.02 kB[22m[1m[22m[2m │ gzip:  11.85 kB[22m
[2mdist/[22m[2massets/[22m[36mimba-DGztddWO.js                          [39m[1m[2m   49.93 kB[22m[1m[22m[2m │ gzip:   9.47 kB[22m
[2mdist/[22m[2massets/[22m[36meverforest-dark-BgDCqdQA.js               [39m[1m[2m   53.75 kB[22m[1m[22m[2m │ gzip:   8.46 kB[22m
[2mdist/[22m[2massets/[22m[36meverforest-light-C8M2exoo.js              [39m[1m[2m   53.75 kB[22m[1m[22m[2m │ gzip:   8.46 kB[22m
[2mdist/[22m[2massets/[22m[36mr-DiinP2Uv.js                             [39m[1m[2m   55.81 kB[22m[1m[22m[2m │ gzip:  15.16 kB[22m
[2mdist/[22m[2massets/[22m[36mwikitext-BhOHFoWU.js                      [39m[1m[2m   55.89 kB[22m[1m[22m[2m │ gzip:   4.72 kB[22m
[2mdist/[22m[2massets/[22m[36mstata-BH5u7GGu.js                         [39m[1m[2m   56.99 kB[22m[1m[22m[2m │ gzip:  12.32 kB[22m
[2mdist/[22m[2massets/[22m[36mhtml-GMplVEZG.js                          [39m[1m[2m   57.25 kB[22m[1m[22m[2m │ gzip:  11.75 kB[22m
[2mdist/[22m[2massets/[22m[36mballerina-BFfxhgS-.js                     [39m[1m[2m   58.69 kB[22m[1m[22m[2m │ gzip:   8.19 kB[22m
[2mdist/[22m[2massets/[22m[36mmarkdown-Cvjx9yec.js                      [39m[1m[2m   59.34 kB[22m[1m[22m[2m │ gzip:   5.63 kB[22m
[2mdist/[22m[2massets/[22m[36mflowDiagram-NV44I4VS-DnrlLgAs.js          [39m[1m[2m   61.77 kB[22m[1m[22m[2m │ gzip:  19.59 kB[22m
[2mdist/[22m[2massets/[22m[36mocaml-C0hk2d4L.js                         [39m[1m[2m   62.45 kB[22m[1m[22m[2m │ gzip:   5.04 kB[22m
[2mdist/[22m[2massets/[22m[36mganttDiagram-LVOFAZNH-DtSuxe2r.js         [39m[1m[2m   62.90 kB[22m[1m[22m[2m │ gzip:  21.08 kB[22m
[2mdist/[22m[2massets/[22m[36mmojo-1DNp92w6.js                          [39m[1m[2m   69.29 kB[22m[1m[22m[2m │ gzip:   9.20 kB[22m
[2mdist/[22m[2massets/[22m[36mpython-B6aJPvgy.js                        [39m[1m[2m   69.95 kB[22m[1m[22m[2m │ gzip:   9.16 kB[22m
[2mdist/[22m[2massets/[22m[36mc4Diagram-YG6GDRKO-CSBmQokQ.js            [39m[1m[2m   70.19 kB[22m[1m[22m[2m │ gzip:  19.55 kB[22m
[2mdist/[22m[2massets/[22m[36mc-BIGW1oBm.js                             [39m[1m[2m   72.11 kB[22m[1m[22m[2m │ gzip:  10.48 kB[22m
[2mdist/[22m[2massets/[22m[36mlatex-BUKiar2Z.js                         [39m[1m[2m   72.19 kB[22m[1m[22m[2m │ gzip:   6.62 kB[22m
[2mdist/[22m[2massets/[22m[36mblockDiagram-VD42YOAC-BJQNLxFw.js         [39m[1m[2m   73.99 kB[22m[1m[22m[2m │ gzip:  20.98 kB[22m
[2mdist/[22m[2massets/[22m[36mvyper-CDx5xZoG.js                         [39m[1m[2m   74.65 kB[22m[1m[22m[2m │ gzip:  10.74 kB[22m
[2mdist/[22m[2massets/[22m[36mhack-CaT9iCJl.js                          [39m[1m[2m   80.24 kB[22m[1m[22m[2m │ gzip:  26.09 kB[22m
[2mdist/[22m[2massets/[22m[36mcose-bilkent-S5V4N54A-CDoko5SM.js         [39m[1m[2m   82.19 kB[22m[1m[22m[2m │ gzip:  22.60 kB[22m
[2mdist/[22m[2massets/[22m[36mcsharp-CX12Zw3r.js                        [39m[1m[2m   85.62 kB[22m[1m[22m[2m │ gzip:  10.24 kB[22m
[2mdist/[22m[2massets/[22m[36mswift-Dg5xB15N.js                         [39m[1m[2m   86.61 kB[22m[1m[22m[2m │ gzip:  14.68 kB[22m
[2mdist/[22m[2massets/[22m[36mfortran-free-form-D22FLkUw.js             [39m[1m[2m   87.15 kB[22m[1m[22m[2m │ gzip:  10.93 kB[22m
[2mdist/[22m[2massets/[22m[36mracket-BqYA7rlc.js                        [39m[1m[2m   92.39 kB[22m[1m[22m[2m │ gzip:  15.08 kB[22m
[2mdist/[22m[2massets/[22m[36mless-B1dDrJ26.js                          [39m[1m[2m   97.63 kB[22m[1m[22m[2m │ gzip:  14.79 kB[22m
[2mdist/[22m[2massets/[22m[36msequenceDiagram-WL72ISMW-ClikbfoY.js      [39m[1m[2m   98.82 kB[22m[1m[22m[2m │ gzip:  27.03 kB[22m
[2mdist/[22m[2massets/[22m[36mblade-DVc8C-J4.js                         [39m[1m[2m  103.80 kB[22m[1m[22m[2m │ gzip:  27.99 kB[22m
[2mdist/[22m[2massets/[22m[36mobjective-c-DXmwc3jG.js                   [39m[1m[2m  105.41 kB[22m[1m[22m[2m │ gzip:  23.35 kB[22m
[2mdist/[22m[2massets/[22m[36mphp-CDn_0X-4.js                           [39m[1m[2m  111.00 kB[22m[1m[22m[2m │ gzip:  28.46 kB[22m
[2mdist/[22m[2massets/[22m[36masciidoc-Dv7Oe6Be.js                      [39m[1m[2m  131.51 kB[22m[1m[22m[2m │ gzip:   9.32 kB[22m
[2mdist/[22m[2massets/[22m[36mmdx-Cmh6b_Ma.js                           [39m[1m[2m  136.11 kB[22m[1m[22m[2m │ gzip:  23.58 kB[22m
[2mdist/[22m[2massets/[22m[36marchitectureDiagram-VXUJARFQ-CZmyB0TR.js  [39m[1m[2m  149.47 kB[22m[1m[22m[2m │ gzip:  42.14 kB[22m
[2mdist/[22m[2massets/[22m[36mobjective-cpp-CLxacb5B.js                 [39m[1m[2m  171.97 kB[22m[1m[22m[2m │ gzip:  30.74 kB[22m
[2mdist/[22m[2massets/[22m[36mjavascript-wDzz0qaB.js                    [39m[1m[2m  174.83 kB[22m[1m[22m[2m │ gzip:  16.60 kB[22m
[2mdist/[22m[2massets/[22m[36mtsx-COt5Ahok.js                           [39m[1m[2m  175.54 kB[22m[1m[22m[2m │ gzip:  16.59 kB[22m
[2mdist/[22m[2massets/[22m[36mjsx-g9-lgVsj.js                           [39m[1m[2m  177.79 kB[22m[1m[22m[2m │ gzip:  16.72 kB[22m
[2mdist/[22m[2massets/[22m[36mtypescript-BPQ3VLAy.js                    [39m[1m[2m  181.08 kB[22m[1m[22m[2m │ gzip:  16.11 kB[22m
[2mdist/[22m[2massets/[22m[36mangular-ts-BwZT4LLn.js                    [39m[1m[2m  183.82 kB[22m[1m[22m[2m │ gzip:  16.70 kB[22m
[2mdist/[22m[2massets/[22m[36mvue-vine-_Ih-lPRR.js                      [39m[1m[2m  190.22 kB[22m[1m[22m[2m │ gzip:  18.12 kB[22m
[2mdist/[22m[2massets/[22m[36mwolfram-lXgVvXCa.js                       [39m[1m[2m  262.39 kB[22m[1m[22m[2m │ gzip:  77.07 kB[22m
[2mdist/[22m[2massets/[22m[36mtreemap-KMMF4GRG-B0dEwY6y.js              [39m[1m[2m  331.07 kB[22m[1m[22m[2m │ gzip:  80.70 kB[22m
[2mdist/[22m[2massets/[22m[36mcytoscape.esm-uhR9LuK4.js                 [39m[1m[2m  442.69 kB[22m[1m[22m[2m │ gzip: 141.30 kB[22m
[2mdist/[22m[2massets/[22m[36mmermaid.core-C9Fv7-ea.js                  [39m[1m[2m  461.99 kB[22m[1m[22m[2m │ gzip: 128.67 kB[22m
[2mdist/[22m[2massets/[22m[36mwasm-CG6Dc4jp.js                          [39m[1m[33m  622.34 kB[39m[22m[2m │ gzip: 231.16 kB[22m
[2mdist/[22m[2massets/[22m[36mcpp-CofmeUqb.js                           [39m[1m[33m  626.08 kB[39m[22m[2m │ gzip:  44.90 kB[22m
[2mdist/[22m[2massets/[22m[36memacs-lisp-C9XAeP06.js                    [39m[1m[33m  779.85 kB[39m[22m[2m │ gzip: 196.53 kB[22m
[2mdist/[22m[2massets/[22m[36mindex-D_pjlvRX.js                         [39m[1m[33m1,517.95 kB[39m[22m[2m │ gzip: 455.27 kB[22m
[32m✓ built in 42.04s[39m
