[eko/chat-read-integrity-20260920 17197224] docs: preserve independently verified generated-model maintenance
 408 files changed, 62253 insertions(+)
 create mode 100644 docs/analysis/colleague_integration/proof_cont10/ACCEPTANCE_EVIDENCE.md
 create mode 100644 docs/analysis/colleague_integration/proof_cont10/CURATION_MANIFEST.json
 create mode 100644 docs/analysis/colleague_integration/proof_cont10/EXECUTION_INDEX.json
 create mode 100644 docs/analysis/colleague_integration/proof_cont10/G1_RECONNAISSANCE.md
 create mode 100644 docs/analysis/colleague_integration/proof_cont10/LOSSLESS_ENCODING_RECEIPT.json
 create mode 100644 docs/analysis/colleague_integration/proof_cont10/README.md
 create mode 100644 docs/analysis/colleague_integration/proof_cont10/REVIEW_RECONCILIATION.md
 create mode 100644 docs/analysis/colleague_integration/proof_cont10/SELF_AUDIT.md
 create mode 100644 docs/analysis/colleague_integration/proof_cont10/SOURCE_ANCHORS.json
 create mode 100644 docs/analysis/colleague_integration/proof_cont10/before-app__store__store.go.txt
 create mode 100644 docs/analysis/colleague_integration/proof_cont10/before-app__ui__app__package.json
 create mode 100644 docs/analysis/colleague_integration/proof_cont10/before-app__ui__responses__types.go.txt
 create mode 100644 docs/analysis/colleague_integration/proof_cont10/before-app__ui__ui.go.txt
 create mode 100644 docs/analysis/colleague_integration/proof_cont10/candidate-commit.json
 create mode 100644 docs/analysis/colleague_integration/proof_cont10/candidate-push.json
 create mode 100644 docs/analysis/colleague_integration/proof_cont10/candidate-push.stderr
 create mode 100644 docs/analysis/colleague_integration/proof_cont10/candidate-push.stdout
 create mode 100644 docs/analysis/colleague_integration/proof_cont10/candidate-remote-query.json
 create mode 100644 docs/analysis/colleague_integration/proof_cont10/candidate-remote-query.stderr
 create mode 100644 docs/analysis/colleague_integration/proof_cont10/candidate-remote-query.stdout
 create mode 100644 docs/analysis/colleague_integration/proof_cont10/checkpoint/BLOCKERS.md
 create mode 100644 docs/analysis/colleague_integration/proof_cont10/checkpoint/CONTINUATION_10_REPORT.md
 create mode 100644 docs/analysis/colleague_integration/proof_cont10/checkpoint/DECISIONS.md
 create mode 100644 docs/analysis/colleague_integration/proof_cont10/checkpoint/HANDOFF.md
 create mode 100644 docs/analysis/colleague_integration/proof_cont10/checkpoint/OLLAMA_COLLEAGUE_INTEGRATION_WORK_LIST.md
 create mode 100644 docs/analysis/colleague_integration/proof_cont10/checkpoint/REQUIREMENTS.md
 create mode 100644 docs/analysis/colleague_integration/proof_cont10/checkpoint/SOURCE_MAP.md
 create mode 100644 docs/analysis/colleague_integration/proof_cont10/checkpoint/STATE.json
 create mode 100644 docs/analysis/colleague_integration/proof_cont10/consumer-baseline.json
 create mode 100644 docs/analysis/colleague_integration/proof_cont10/consumer-baseline.stderr
 create mode 100644 docs/analysis/colleague_integration/proof_cont10/consumer-baseline.stdout
 create mode 100644 docs/analysis/colleague_integration/proof_cont10/control-update.json
 create mode 100644 docs/analysis/colleague_integration/proof_cont10/entry-selector-correction.json
 create mode 100644 docs/analysis/colleague_integration/proof_cont10/entry-selector-diagnosis/correct-selector.json
 create mode 100644 docs/analysis/colleague_integration/proof_cont10/entry-selector-diagnosis/correct-selector.stderr
 create mode 100644 docs/analysis/colleague_integration/proof_cont10/entry-selector-diagnosis/correct-selector.stdout
 create mode 100644 docs/analysis/colleague_integration/proof_cont10/entry-selector-diagnosis/help.json
 create mode 100644 docs/analysis/colleague_integration/proof_cont10/entry-selector-diagnosis/help.stderr
 create mode 100644 docs/analysis/colleague_integration/proof_cont10/entry-selector-diagnosis/help.stdout
 create mode 100644 docs/analysis/colleague_integration/proof_cont10/entry-selector-diagnosis/incorrect-selector.json
 create mode 100644 docs/analysis/colleague_integration/proof_cont10/entry-selector-diagnosis/incorrect-selector.stderr
 create mode 100644 docs/analysis/colleague_integration/proof_cont10/entry-selector-diagnosis/incorrect-selector.stdout
 create mode 100644 docs/analysis/colleague_integration/proof_cont10/environment-and-precloseout.json
 create mode 100644 docs/analysis/colleague_integration/proof_cont10/finalise_review.py
 create mode 100644 docs/analysis/colleague_integration/proof_cont10/fresh-upstream.ts
 create mode 100644 docs/analysis/colleague_integration/proof_cont10/frozen.json
 create mode 100644 docs/analysis/colleague_integration/proof_cont10/generate-first.json
 create mode 100644 docs/analysis/colleague_integration/proof_cont10/generate-first.stderr
 create mode 100644 docs/analysis/colleague_integration/proof_cont10/generate-first.stdout
 create mode 100644 docs/analysis/colleague_integration/proof_cont10/gofmt.diff
 create mode 100644 docs/analysis/colleague_integration/proof_cont10/independent-review-addendum/delivered-evidence.json
 create mode 100644 docs/analysis/colleague_integration/proof_cont10/independent-review-addendum/model-observation.json
 create mode 100644 docs/analysis/colleague_integration/proof_cont10/independent-review-addendum/report.md
 create mode 100644 docs/analysis/colleague_integration/proof_cont10/independent-review-addendum/request.json
 create mode 100644 docs/analysis/colleague_integration/proof_cont10/independent-review-addendum/response.json
 create mode 100644 docs/analysis/colleague_integration/proof_cont10/independent-review-addendum/result.json
 create mode 100644 docs/analysis/colleague_integration/proof_cont10/independent-review-final/conversation.json
 create mode 100644 docs/analysis/colleague_integration/proof_cont10/independent-review-final/initial-request.json
 create mode 100644 docs/analysis/colleague_integration/proof_cont10/independent-review-final/model-observation.json
 create mode 100644 docs/analysis/colleague_integration/proof_cont10/independent-review-final/report.md
 create mode 100644 docs/analysis/colleague_integration/proof_cont10/independent-review-final/response-01.json
 create mode 100644 docs/analysis/colleague_integration/proof_cont10/independent-review-final/response-02.json
 create mode 100644 docs/analysis/colleague_integration/proof_cont10/independent-review-final/response-03.json
 create mode 100644 docs/analysis/colleague_integration/proof_cont10/independent-review-final/response-04.json
 create mode 100644 docs/analysis/colleague_integration/proof_cont10/independent-review-final/response-05.json
 create mode 100644 docs/analysis/colleague_integration/proof_cont10/independent-review-final/result.json
 create mode 100644 docs/analysis/colleague_integration/proof_cont10/independent-review-final/tool-01-075.json
 create mode 100644 docs/analysis/colleague_integration/proof_cont10/independent-review-final/tool-01-076.json
 create mode 100644 docs/analysis/colleague_integration/proof_cont10/independent-review-final/tool-01-077.json
 create mode 100644 docs/analysis/colleague_integration/proof_cont10/independent-review-final/tool-02-079.json
 create mode 100644 docs/analysis/colleague_integration/proof_cont10/independent-review-final/tool-02-080.json
 create mode 100644 docs/analysis/colleague_integration/proof_cont10/independent-review-final/tool-02-081.json
 create mode 100644 docs/analysis/colleague_integration/proof_cont10/independent-review-final/tool-03-083.json
 create mode 100644 docs/analysis/colleague_integration/proof_cont10/independent-review-final/tool-03-084.json
 create mode 100644 docs/analysis/colleague_integration/proof_cont10/independent-review-final/tool-03-085.json
 create mode 100644 docs/analysis/colleague_integration/proof_cont10/independent-review-final/tool-04-087.json
 create mode 100644 docs/analysis/colleague_integration/proof_cont10/independent-review-process.json
 create mode 100644 docs/analysis/colleague_integration/proof_cont10/independent-review-r2-process.json
 create mode 100644 docs/analysis/colleague_integration/proof_cont10/independent-review-r2.stderr
 create mode 100644 docs/analysis/colleague_integration/proof_cont10/independent-review-r2.stdout
 create mode 100644 docs/analysis/colleague_integration/proof_cont10/independent-review-r2/initial-request.json
 create mode 100644 docs/analysis/colleague_integration/proof_cont10/independent-review-r2/model-observation.json
 create mode 100644 docs/analysis/colleague_integration/proof_cont10/independent-review-r2/response-01.json
 create mode 100644 docs/analysis/colleague_integration/proof_cont10/independent-review-r2/response-02.json
 create mode 100644 docs/analysis/colleague_integration/proof_cont10/independent-review-r2/response-03.json
 create mode 100644 docs/analysis/colleague_integration/proof_cont10/independent-review-r2/response-04.json
 create mode 100644 docs/analysis/colleague_integration/proof_cont10/independent-review-r2/response-05.json
 create mode 100644 docs/analysis/colleague_integration/proof_cont10/independent-review-r2/response-06.json
 create mode 100644 docs/analysis/colleague_integration/proof_cont10/independent-review-r2/response-07.json
 create mode 100644 docs/analysis/colleague_integration/proof_cont10/independent-review-r2/response-08.json
 create mode 100644 docs/analysis/colleague_integration/proof_cont10/independent-review-r2/response-09.json
 create mode 100644 docs/analysis/colleague_integration/proof_cont10/independent-review-r2/response-10.json
 create mode 100644 docs/analysis/colleague_integration/proof_cont10/independent-review-r2/response-11.json
 create mode 100644 docs/analysis/colleague_integration/proof_cont10/independent-review-r2/response-12.json
 create mode 100644 docs/analysis/colleague_integration/proof_cont10/independent-review-r2/response-13.json
 create mode 100644 docs/analysis/colleague_integration/proof_cont10/independent-review-r2/response-14.json
 create mode 100644 docs/analysis/colleague_integration/proof_cont10/independent-review-r2/response-15.json
 create mode 100644 docs/analysis/colleague_integration/proof_cont10/independent-review-r2/response-16.json
 create mode 100644 docs/analysis/colleague_integration/proof_cont10/independent-review-r2/response-17.json
 create mode 100644 docs/analysis/colleague_integration/proof_cont10/independent-review-r2/response-18.json
 create mode 100644 docs/analysis/colleague_integration/proof_cont10/independent-review-r2/response-19.json
 create mode 100644 docs/analysis/colleague_integration/proof_cont10/independent-review-r2/response-20.json
 create mode 100644 docs/analysis/colleague_integration/proof_cont10/independent-review-r2/response-21.json
 create mode 100644 docs/analysis/colleague_integration/proof_cont10/independent-review-r2/response-22.json
 create mode 100644 docs/analysis/colleague_integration/proof_cont10/independent-review-r2/response-23.json
 create mode 100644 docs/analysis/colleague_integration/proof_cont10/independent-review-r2/response-24.json
 create mode 100644 docs/analysis/colleague_integration/proof_cont10/independent-review-r2/response-25.json
 create mode 100644 docs/analysis/colleague_integration/proof_cont10/independent-review-r2/response-26.json
 create mode 100644 docs/analysis/colleague_integration/proof_cont10/independent-review-r2/resumption.json
 create mode 100644 docs/analysis/colleague_integration/proof_cont10/independent-review-r2/source-identities.json
 create mode 100644 docs/analysis/colleague_integration/proof_cont10/independent-review-r2/tool-01-007.json
 create mode 100644 docs/analysis/colleague_integration/proof_cont10/independent-review-r2/tool-01-008.json
 create mode 100644 docs/analysis/colleague_integration/proof_cont10/independent-review-r2/tool-02-010.json
 create mode 100644 docs/analysis/colleague_integration/proof_cont10/independent-review-r2/tool-02-011.json
 create mode 100644 docs/analysis/colleague_integration/proof_cont10/independent-review-r2/tool-03-013.json
 create mode 100644 docs/analysis/colleague_integration/proof_cont10/independent-review-r2/tool-03-014.json
 create mode 100644 docs/analysis/colleague_integration/proof_cont10/independent-review-r2/tool-04-016.json
 create mode 100644 docs/analysis/colleague_integration/proof_cont10/independent-review-r2/tool-04-017.json
 create mode 100644 docs/analysis/colleague_integration/proof_cont10/independent-review-r2/tool-05-019.json
 create mode 100644 docs/analysis/colleague_integration/proof_cont10/independent-review-r2/tool-05-020.json
 create mode 100644 docs/analysis/colleague_integration/proof_cont10/independent-review-r2/tool-06-022.json
 create mode 100644 docs/analysis/colleague_integration/proof_cont10/independent-review-r2/tool-07-024.json
 create mode 100644 docs/analysis/colleague_integration/proof_cont10/independent-review-r2/tool-08-026.json
 create mode 100644 docs/analysis/colleague_integration/proof_cont10/independent-review-r2/tool-09-028.json
 create mode 100644 docs/analysis/colleague_integration/proof_cont10/independent-review-r2/tool-10-030.json
 create mode 100644 docs/analysis/colleague_integration/proof_cont10/independent-review-r2/tool-11-032.json
 create mode 100644 docs/analysis/colleague_integration/proof_cont10/independent-review-r2/tool-12-034.json
 create mode 100644 docs/analysis/colleague_integration/proof_cont10/independent-review-r2/tool-13-036.json
 create mode 100644 docs/analysis/colleague_integration/proof_cont10/independent-review-r2/tool-14-038.json
 create mode 100644 docs/analysis/colleague_integration/proof_cont10/independent-review-r2/tool-15-040.json
 create mode 100644 docs/analysis/colleague_integration/proof_cont10/independent-review-r2/tool-16-042.json
 create mode 100644 docs/analysis/colleague_integration/proof_cont10/independent-review-r2/tool-16-043.json
 create mode 100644 docs/analysis/colleague_integration/proof_cont10/independent-review-r2/tool-17-045.json
 create mode 100644 docs/analysis/colleague_integration/proof_cont10/independent-review-r2/tool-17-046.json
 create mode 100644 docs/analysis/colleague_integration/proof_cont10/independent-review-r2/tool-18-048.json
 create mode 100644 docs/analysis/colleague_integration/proof_cont10/independent-review-r2/tool-18-049.json
 create mode 100644 docs/analysis/colleague_integration/proof_cont10/independent-review-r2/tool-19-051.json
 create mode 100644 docs/analysis/colleague_integration/proof_cont10/independent-review-r2/tool-19-052.json
 create mode 100644 docs/analysis/colleague_integration/proof_cont10/independent-review-r2/tool-20-054.json
 create mode 100644 docs/analysis/colleague_integration/proof_cont10/independent-review-r2/tool-20-055.json
 create mode 100644 docs/analysis/colleague_integration/proof_cont10/independent-review-r2/tool-21-057.json
 create mode 100644 docs/analysis/colleague_integration/proof_cont10/independent-review-r2/tool-21-058.json
 create mode 100644 docs/analysis/colleague_integration/proof_cont10/independent-review-r2/tool-22-060.json
 create mode 100644 docs/analysis/colleague_integration/proof_cont10/independent-review-r2/tool-22-061.json
 create mode 100644 docs/analysis/colleague_integration/proof_cont10/independent-review-r2/tool-23-063.json
 create mode 100644 docs/analysis/colleague_integration/proof_cont10/independent-review-r2/tool-23-064.json
 create mode 100644 docs/analysis/colleague_integration/proof_cont10/independent-review-r2/tool-24-066.json
 create mode 100644 docs/analysis/colleague_integration/proof_cont10/independent-review-r2/tool-25-068.json
 create mode 100644 docs/analysis/colleague_integration/proof_cont10/independent-review-r2/tool-25-069.json
 create mode 100644 docs/analysis/colleague_integration/proof_cont10/independent-review-r2/tool-26-071.json
 create mode 100644 docs/analysis/colleague_integration/proof_cont10/independent-review-r2/tool-26-072.json
 create mode 100644 docs/analysis/colleague_integration/proof_cont10/independent-review.stderr
 create mode 100644 docs/analysis/colleague_integration/proof_cont10/independent-review.stdout
 create mode 100644 docs/analysis/colleague_integration/proof_cont10/independent-review/initial-request.json
 create mode 100644 docs/analysis/colleague_integration/proof_cont10/independent-review/model-observation.json
 create mode 100644 docs/analysis/colleague_integration/proof_cont10/independent-review/response-01.json
 create mode 100644 docs/analysis/colleague_integration/proof_cont10/independent-review/source-identities.json
 create mode 100644 docs/analysis/colleague_integration/proof_cont10/parallel-manifest-verification.json
 create mode 100644 docs/analysis/colleague_integration/proof_cont10/pre-metadata-emission-equivalence.json
 create mode 100644 docs/analysis/colleague_integration/proof_cont10/preflight.json
 create mode 100644 docs/analysis/colleague_integration/proof_cont10/product-recon/app__store__database.go.txt.evidence.json
 create mode 100644 docs/analysis/colleague_integration/proof_cont10/product-recon/app__ui__app__src__hooks__useSettings.ts
 create mode 100644 docs/analysis/colleague_integration/proof_cont10/product-recon/app__ui__app__src__lib__config.ts
 create mode 100644 docs/analysis/colleague_integration/proof_cont10/product-recon/consumer-paths-manifest.json
 create mode 100644 docs/analysis/colleague_integration/proof_cont10/product-recon/consumer-paths.txt.evidence.json
 create mode 100644 docs/analysis/colleague_integration/proof_cont10/product-recon/installed-bundle-observation.json
 create mode 100644 docs/analysis/colleague_integration/proof_cont10/product-recon/owner-paths-manifest.json
 create mode 100644 docs/analysis/colleague_integration/proof_cont10/product-recon/owner-paths.txt.evidence.json
 create mode 100644 docs/analysis/colleague_integration/proof_cont10/product-recon/query-1.json
 create mode 100644 docs/analysis/colleague_integration/proof_cont10/product-recon/query-2.json
 create mode 100644 docs/analysis/colleague_integration/proof_cont10/product-recon/query-3.json
 create mode 100644 docs/analysis/colleague_integration/proof_cont10/product-recon/terminal-final-caller.txt.evidence.json
 create mode 100644 docs/analysis/colleague_integration/proof_cont10/raw-generator.ts
 create mode 100644 docs/analysis/colleague_integration/proof_cont10/raw-upstream.json
 create mode 100644 docs/analysis/colleague_integration/proof_cont10/raw-upstream.stderr
 create mode 100644 docs/analysis/colleague_integration/proof_cont10/raw-upstream.stdout.evidence.json
 create mode 100644 docs/analysis/colleague_integration/proof_cont10/review-finalisation-context.json
 create mode 100644 docs/analysis/colleague_integration/proof_cont10/review-finalisation-process.json
 create mode 100644 docs/analysis/colleague_integration/proof_cont10/review-finalisation.stderr
 create mode 100644 docs/analysis/colleague_integration/proof_cont10/review-finalisation.stdout
 create mode 100644 docs/analysis/colleague_integration/proof_cont10/review-transport-correction.json
 create mode 100644 docs/analysis/colleague_integration/proof_cont10/review_codegen.py
 create mode 100644 docs/analysis/colleague_integration/proof_cont10/review_codegen.r1.py
 create mode 100644 docs/analysis/colleague_integration/proof_cont10/runs/author-1-candidate/result.json
 create mode 100644 docs/analysis/colleague_integration/proof_cont10/runs/author-1-candidate/source-before.json
 create mode 100644 docs/analysis/colleague_integration/proof_cont10/runs/author-1-candidate/tests.json
 create mode 100644 docs/analysis/colleague_integration/proof_cont10/runs/author-1-candidate/tests.stderr
 create mode 100644 docs/analysis/colleague_integration/proof_cont10/runs/author-1-candidate/tests.stdout
 create mode 100644 docs/analysis/colleague_integration/proof_cont10/runs/author-1-candidate/typecheck.json
 create mode 100644 docs/analysis/colleague_integration/proof_cont10/runs/author-1-candidate/typecheck.stderr
 create mode 100644 docs/analysis/colleague_integration/proof_cont10/runs/author-1-candidate/typecheck.stdout
 create mode 100644 docs/analysis/colleague_integration/proof_cont10/runs/author-10-build/build.json
 create mode 100644 docs/analysis/colleague_integration/proof_cont10/runs/author-10-build/build.stderr
 create mode 100644 docs/analysis/colleague_integration/proof_cont10/runs/author-10-build/result.json
 create mode 100644 docs/analysis/colleague_integration/proof_cont10/runs/author-10-build/source-before.json
 create mode 100644 docs/analysis/colleague_integration/proof_cont10/runs/author-11-normal-entry/go-generate.json
 create mode 100644 docs/analysis/colleague_integration/proof_cont10/runs/author-11-normal-entry/go-generate.stderr
 create mode 100644 docs/analysis/colleague_integration/proof_cont10/runs/author-11-normal-entry/go-generate.stdout
 create mode 100644 docs/analysis/colleague_integration/proof_cont10/runs/author-11-normal-entry/result.json
 create mode 100644 docs/analysis/colleague_integration/proof_cont10/runs/author-11-normal-entry/source-before.json
 create mode 100644 docs/analysis/colleague_integration/proof_cont10/runs/author-12-before-corrected-controls/result.json
 create mode 100644 docs/analysis/colleague_integration/proof_cont10/runs/author-12-before-corrected-controls/source-before.json
 create mode 100644 docs/analysis/colleague_integration/proof_cont10/runs/author-12-before-corrected-controls/tests.json
 create mode 100644 docs/analysis/colleague_integration/proof_cont10/runs/author-12-before-corrected-controls/tests.stderr
 create mode 100644 docs/analysis/colleague_integration/proof_cont10/runs/author-12-before-corrected-controls/tests.stdout
 create mode 100644 docs/analysis/colleague_integration/proof_cont10/runs/author-12-before-corrected-controls/typecheck.json
 create mode 100644 docs/analysis/colleague_integration/proof_cont10/runs/author-12-before-corrected-controls/typecheck.stderr
 create mode 100644 docs/analysis/colleague_integration/proof_cont10/runs/author-12-before-corrected-controls/typecheck.stdout
 create mode 100644 docs/analysis/colleague_integration/proof_cont10/runs/author-13-normal-entry-corrected/go-generate.json
 create mode 100644 docs/analysis/colleague_integration/proof_cont10/runs/author-13-normal-entry-corrected/go-generate.stderr
 create mode 100644 docs/analysis/colleague_integration/proof_cont10/runs/author-13-normal-entry-corrected/go-generate.stdout
 create mode 100644 docs/analysis/colleague_integration/proof_cont10/runs/author-13-normal-entry-corrected/result.json
 create mode 100644 docs/analysis/colleague_integration/proof_cont10/runs/author-13-normal-entry-corrected/source-before.json
 create mode 100644 docs/analysis/colleague_integration/proof_cont10/runs/author-14-raw-lint/fault.json
 create mode 100644 docs/analysis/colleague_integration/proof_cont10/runs/author-14-raw-lint/raw-lint.json
 create mode 100644 docs/analysis/colleague_integration/proof_cont10/runs/author-14-raw-lint/raw-lint.stderr
 create mode 100644 docs/analysis/colleague_integration/proof_cont10/runs/author-14-raw-lint/raw-lint.stdout
 create mode 100644 docs/analysis/colleague_integration/proof_cont10/runs/author-14-raw-lint/result.json
 create mode 100644 docs/analysis/colleague_integration/proof_cont10/runs/author-14-raw-lint/source-before.json
 create mode 100644 docs/analysis/colleague_integration/proof_cont10/runs/author-14-raw-lint/tests.json
 create mode 100644 docs/analysis/colleague_integration/proof_cont10/runs/author-14-raw-lint/tests.stderr
 create mode 100644 docs/analysis/colleague_integration/proof_cont10/runs/author-14-raw-lint/tests.stdout
 create mode 100644 docs/analysis/colleague_integration/proof_cont10/runs/author-14-raw-lint/typecheck.json
 create mode 100644 docs/analysis/colleague_integration/proof_cont10/runs/author-14-raw-lint/typecheck.stderr
 create mode 100644 docs/analysis/colleague_integration/proof_cont10/runs/author-14-raw-lint/typecheck.stdout
 create mode 100644 docs/analysis/colleague_integration/proof_cont10/runs/author-15-final/result.json
 create mode 100644 docs/analysis/colleague_integration/proof_cont10/runs/author-15-final/source-before.json
 create mode 100644 docs/analysis/colleague_integration/proof_cont10/runs/author-15-final/tests.json
 create mode 100644 docs/analysis/colleague_integration/proof_cont10/runs/author-15-final/tests.stderr
 create mode 100644 docs/analysis/colleague_integration/proof_cont10/runs/author-15-final/tests.stdout
 create mode 100644 docs/analysis/colleague_integration/proof_cont10/runs/author-15-final/typecheck.json
 create mode 100644 docs/analysis/colleague_integration/proof_cont10/runs/author-15-final/typecheck.stderr
 create mode 100644 docs/analysis/colleague_integration/proof_cont10/runs/author-15-final/typecheck.stdout
 create mode 100644 docs/analysis/colleague_integration/proof_cont10/runs/author-16-final-instrument/failing-child.json
 create mode 100644 docs/analysis/colleague_integration/proof_cont10/runs/author-16-final-instrument/failing-child.stderr
 create mode 100644 docs/analysis/colleague_integration/proof_cont10/runs/author-16-final-instrument/failing-child.stdout
 create mode 100644 docs/analysis/colleague_integration/proof_cont10/runs/author-16-final-instrument/result.json
 create mode 100644 docs/analysis/colleague_integration/proof_cont10/runs/author-16-final-instrument/source-before.json
 create mode 100644 docs/analysis/colleague_integration/proof_cont10/runs/author-2-generation/check-types.json
 create mode 100644 docs/analysis/colleague_integration/proof_cont10/runs/author-2-generation/check-types.stderr
 create mode 100644 docs/analysis/colleague_integration/proof_cont10/runs/author-2-generation/check-types.stdout
 create mode 100644 docs/analysis/colleague_integration/proof_cont10/runs/author-2-generation/generator-tests.json
 create mode 100644 docs/analysis/colleague_integration/proof_cont10/runs/author-2-generation/generator-tests.stderr
 create mode 100644 docs/analysis/colleague_integration/proof_cont10/runs/author-2-generation/generator-tests.stdout
 create mode 100644 docs/analysis/colleague_integration/proof_cont10/runs/author-2-generation/result.json
 create mode 100644 docs/analysis/colleague_integration/proof_cont10/runs/author-2-generation/source-before.json
 create mode 100644 docs/analysis/colleague_integration/proof_cont10/runs/author-3-raw-generator/fault.json
 create mode 100644 docs/analysis/colleague_integration/proof_cont10/runs/author-3-raw-generator/result.json
 create mode 100644 docs/analysis/colleague_integration/proof_cont10/runs/author-3-raw-generator/source-before.json
 create mode 100644 docs/analysis/colleague_integration/proof_cont10/runs/author-3-raw-generator/tests.json
 create mode 100644 docs/analysis/colleague_integration/proof_cont10/runs/author-3-raw-generator/tests.stderr
 create mode 100644 docs/analysis/colleague_integration/proof_cont10/runs/author-3-raw-generator/tests.stdout
 create mode 100644 docs/analysis/colleague_integration/proof_cont10/runs/author-3-raw-generator/typecheck.json
 create mode 100644 docs/analysis/colleague_integration/proof_cont10/runs/author-3-raw-generator/typecheck.stderr
 create mode 100644 docs/analysis/colleague_integration/proof_cont10/runs/author-3-raw-generator/typecheck.stdout
 create mode 100644 docs/analysis/colleague_integration/proof_cont10/runs/author-4-no-messages/fault.json
 create mode 100644 docs/analysis/colleague_integration/proof_cont10/runs/author-4-no-messages/result.json
 create mode 100644 docs/analysis/colleague_integration/proof_cont10/runs/author-4-no-messages/source-before.json
 create mode 100644 docs/analysis/colleague_integration/proof_cont10/runs/author-4-no-messages/tests.json
 create mode 100644 docs/analysis/colleague_integration/proof_cont10/runs/author-4-no-messages/tests.stderr
 create mode 100644 docs/analysis/colleague_integration/proof_cont10/runs/author-4-no-messages/tests.stdout
 create mode 100644 docs/analysis/colleague_integration/proof_cont10/runs/author-4-no-messages/typecheck.json
 create mode 100644 docs/analysis/colleague_integration/proof_cont10/runs/author-4-no-messages/typecheck.stderr
 create mode 100644 docs/analysis/colleague_integration/proof_cont10/runs/author-4-no-messages/typecheck.stdout
 create mode 100644 docs/analysis/colleague_integration/proof_cont10/runs/author-5-fixed-content/fault.json
 create mode 100644 docs/analysis/colleague_integration/proof_cont10/runs/author-5-fixed-content/result.json
 create mode 100644 docs/analysis/colleague_integration/proof_cont10/runs/author-5-fixed-content/source-before.json
 create mode 100644 docs/analysis/colleague_integration/proof_cont10/runs/author-5-fixed-content/tests.json
 create mode 100644 docs/analysis/colleague_integration/proof_cont10/runs/author-5-fixed-content/tests.stderr
 create mode 100644 docs/analysis/colleague_integration/proof_cont10/runs/author-5-fixed-content/tests.stdout
 create mode 100644 docs/analysis/colleague_integration/proof_cont10/runs/author-5-fixed-content/typecheck.json
 create mode 100644 docs/analysis/colleague_integration/proof_cont10/runs/author-5-fixed-content/typecheck.stderr
 create mode 100644 docs/analysis/colleague_integration/proof_cont10/runs/author-5-fixed-content/typecheck.stdout
 create mode 100644 docs/analysis/colleague_integration/proof_cont10/runs/author-6-candidate/result.json
 create mode 100644 docs/analysis/colleague_integration/proof_cont10/runs/author-6-candidate/source-before.json
 create mode 100644 docs/analysis/colleague_integration/proof_cont10/runs/author-6-candidate/tests.json
 create mode 100644 docs/analysis/colleague_integration/proof_cont10/runs/author-6-candidate/tests.stderr
 create mode 100644 docs/analysis/colleague_integration/proof_cont10/runs/author-6-candidate/tests.stdout
 create mode 100644 docs/analysis/colleague_integration/proof_cont10/runs/author-6-candidate/typecheck.json
 create mode 100644 docs/analysis/colleague_integration/proof_cont10/runs/author-6-candidate/typecheck.stderr
 create mode 100644 docs/analysis/colleague_integration/proof_cont10/runs/author-6-candidate/typecheck.stdout
 create mode 100644 docs/analysis/colleague_integration/proof_cont10/runs/author-7-full/lint.json
 create mode 100644 docs/analysis/colleague_integration/proof_cont10/runs/author-7-full/lint.stderr
 create mode 100644 docs/analysis/colleague_integration/proof_cont10/runs/author-7-full/lint.stdout
 create mode 100644 docs/analysis/colleague_integration/proof_cont10/runs/author-7-full/result.json
 create mode 100644 docs/analysis/colleague_integration/proof_cont10/runs/author-7-full/source-before.json
 create mode 100644 docs/analysis/colleague_integration/proof_cont10/runs/author-7-full/tests.json
 create mode 100644 docs/analysis/colleague_integration/proof_cont10/runs/author-7-full/tests.stderr
 create mode 100644 docs/analysis/colleague_integration/proof_cont10/runs/author-7-full/tests.stdout
 create mode 100644 docs/analysis/colleague_integration/proof_cont10/runs/author-7-full/typecheck.json
 create mode 100644 docs/analysis/colleague_integration/proof_cont10/runs/author-7-full/typecheck.stderr
 create mode 100644 docs/analysis/colleague_integration/proof_cont10/runs/author-7-full/typecheck.stdout
 create mode 100644 docs/analysis/colleague_integration/proof_cont10/runs/author-8-go-store/go-tests.json
 create mode 100644 docs/analysis/colleague_integration/proof_cont10/runs/author-8-go-store/go-tests.stderr
 create mode 100644 docs/analysis/colleague_integration/proof_cont10/runs/author-8-go-store/go-tests.stdout
 create mode 100644 docs/analysis/colleague_integration/proof_cont10/runs/author-8-go-store/result.json
 create mode 100644 docs/analysis/colleague_integration/proof_cont10/runs/author-8-go-store/source-before.json
 create mode 100644 docs/analysis/colleague_integration/proof_cont10/runs/author-9-gate-self-checks/failing-child.json
 create mode 100644 docs/analysis/colleague_integration/proof_cont10/runs/author-9-gate-self-checks/failing-child.stderr
 create mode 100644 docs/analysis/colleague_integration/proof_cont10/runs/author-9-gate-self-checks/failing-child.stdout
 create mode 100644 docs/analysis/colleague_integration/proof_cont10/runs/author-9-gate-self-checks/result.json
 create mode 100644 docs/analysis/colleague_integration/proof_cont10/runs/author-9-gate-self-checks/source-before.json
 create mode 100644 docs/analysis/colleague_integration/proof_cont10/runs/judge-1-candidate/result.json
 create mode 100644 docs/analysis/colleague_integration/proof_cont10/runs/judge-1-candidate/source-before.json
 create mode 100644 docs/analysis/colleague_integration/proof_cont10/runs/judge-1-candidate/tests.json
 create mode 100644 docs/analysis/colleague_integration/proof_cont10/runs/judge-1-candidate/tests.stderr
 create mode 100644 docs/analysis/colleague_integration/proof_cont10/runs/judge-1-candidate/tests.stdout
 create mode 100644 docs/analysis/colleague_integration/proof_cont10/runs/judge-1-candidate/typecheck.json
 create mode 100644 docs/analysis/colleague_integration/proof_cont10/runs/judge-1-candidate/typecheck.stderr
 create mode 100644 docs/analysis/colleague_integration/proof_cont10/runs/judge-1-candidate/typecheck.stdout
 create mode 100644 docs/analysis/colleague_integration/proof_cont10/runs/judge-10-build/build.json
 create mode 100644 docs/analysis/colleague_integration/proof_cont10/runs/judge-10-build/build.stderr
 create mode 100644 docs/analysis/colleague_integration/proof_cont10/runs/judge-10-build/build.stdout
 create mode 100644 docs/analysis/colleague_integration/proof_cont10/runs/judge-10-build/result.json
 create mode 100644 docs/analysis/colleague_integration/proof_cont10/runs/judge-10-build/source-before.json
 create mode 100644 docs/analysis/colleague_integration/proof_cont10/runs/judge-11-candidate/result.json
 create mode 100644 docs/analysis/colleague_integration/proof_cont10/runs/judge-11-candidate/source-before.json
 create mode 100644 docs/analysis/colleague_integration/proof_cont10/runs/judge-11-candidate/tests.json
 create mode 100644 docs/analysis/colleague_integration/proof_cont10/runs/judge-11-candidate/tests.stderr
 create mode 100644 docs/analysis/colleague_integration/proof_cont10/runs/judge-11-candidate/tests.stdout
 create mode 100644 docs/analysis/colleague_integration/proof_cont10/runs/judge-11-candidate/typecheck.json
 create mode 100644 docs/analysis/colleague_integration/proof_cont10/runs/judge-11-candidate/typecheck.stderr
 create mode 100644 docs/analysis/colleague_integration/proof_cont10/runs/judge-11-candidate/typecheck.stdout
 create mode 100644 docs/analysis/colleague_integration/proof_cont10/runs/judge-2-generation/check-types.json
 create mode 100644 docs/analysis/colleague_integration/proof_cont10/runs/judge-2-generation/check-types.stderr
 create mode 100644 docs/analysis/colleague_integration/proof_cont10/runs/judge-2-generation/check-types.stdout
 create mode 100644 docs/analysis/colleague_integration/proof_cont10/runs/judge-2-generation/generator-tests.json
 create mode 100644 docs/analysis/colleague_integration/proof_cont10/runs/judge-2-generation/generator-tests.stderr
 create mode 100644 docs/analysis/colleague_integration/proof_cont10/runs/judge-2-generation/generator-tests.stdout
 create mode 100644 docs/analysis/colleague_integration/proof_cont10/runs/judge-2-generation/result.json
 create mode 100644 docs/analysis/colleague_integration/proof_cont10/runs/judge-2-generation/source-before.json
 create mode 100644 docs/analysis/colleague_integration/proof_cont10/runs/judge-3-normal-entry/go-generate.json
 create mode 100644 docs/analysis/colleague_integration/proof_cont10/runs/judge-3-normal-entry/go-generate.stderr
 create mode 100644 docs/analysis/colleague_integration/proof_cont10/runs/judge-3-normal-entry/go-generate.stdout
 create mode 100644 docs/analysis/colleague_integration/proof_cont10/runs/judge-3-normal-entry/result.json
 create mode 100644 docs/analysis/colleague_integration/proof_cont10/runs/judge-3-normal-entry/source-before.json
 create mode 100644 docs/analysis/colleague_integration/proof_cont10/runs/judge-4-raw-generator/fault.json
 create mode 100644 docs/analysis/colleague_integration/proof_cont10/runs/judge-4-raw-generator/raw-lint.json
 create mode 100644 docs/analysis/colleague_integration/proof_cont10/runs/judge-4-raw-generator/raw-lint.stderr
 create mode 100644 docs/analysis/colleague_integration/proof_cont10/runs/judge-4-raw-generator/raw-lint.stdout
 create mode 100644 docs/analysis/colleague_integration/proof_cont10/runs/judge-4-raw-generator/result.json
 create mode 100644 docs/analysis/colleague_integration/proof_cont10/runs/judge-4-raw-generator/source-before.json
 create mode 100644 docs/analysis/colleague_integration/proof_cont10/runs/judge-4-raw-generator/tests.json
 create mode 100644 docs/analysis/colleague_integration/proof_cont10/runs/judge-4-raw-generator/tests.stderr
 create mode 100644 docs/analysis/colleague_integration/proof_cont10/runs/judge-4-raw-generator/tests.stdout
 create mode 100644 docs/analysis/colleague_integration/proof_cont10/runs/judge-4-raw-generator/typecheck.json
 create mode 100644 docs/analysis/colleague_integration/proof_cont10/runs/judge-4-raw-generator/typecheck.stderr
 create mode 100644 docs/analysis/colleague_integration/proof_cont10/runs/judge-4-raw-generator/typecheck.stdout
 create mode 100644 docs/analysis/colleague_integration/proof_cont10/runs/judge-5-no-messages/fault.json
 create mode 100644 docs/analysis/colleague_integration/proof_cont10/runs/judge-5-no-messages/result.json
 create mode 100644 docs/analysis/colleague_integration/proof_cont10/runs/judge-5-no-messages/source-before.json
 create mode 100644 docs/analysis/colleague_integration/proof_cont10/runs/judge-5-no-messages/tests.json
 create mode 100644 docs/analysis/colleague_integration/proof_cont10/runs/judge-5-no-messages/tests.stderr
 create mode 100644 docs/analysis/colleague_integration/proof_cont10/runs/judge-5-no-messages/tests.stdout
 create mode 100644 docs/analysis/colleague_integration/proof_cont10/runs/judge-5-no-messages/typecheck.json
 create mode 100644 docs/analysis/colleague_integration/proof_cont10/runs/judge-5-no-messages/typecheck.stderr
 create mode 100644 docs/analysis/colleague_integration/proof_cont10/runs/judge-5-no-messages/typecheck.stdout
 create mode 100644 docs/analysis/colleague_integration/proof_cont10/runs/judge-6-fixed-content/fault.json
 create mode 100644 docs/analysis/colleague_integration/proof_cont10/runs/judge-6-fixed-content/result.json
 create mode 100644 docs/analysis/colleague_integration/proof_cont10/runs/judge-6-fixed-content/source-before.json
 create mode 100644 docs/analysis/colleague_integration/proof_cont10/runs/judge-6-fixed-content/tests.json
 create mode 100644 docs/analysis/colleague_integration/proof_cont10/runs/judge-6-fixed-content/tests.stderr
 create mode 100644 docs/analysis/colleague_integration/proof_cont10/runs/judge-6-fixed-content/tests.stdout
 create mode 100644 docs/analysis/colleague_integration/proof_cont10/runs/judge-6-fixed-content/typecheck.json
 create mode 100644 docs/analysis/colleague_integration/proof_cont10/runs/judge-6-fixed-content/typecheck.stderr
 create mode 100644 docs/analysis/colleague_integration/proof_cont10/runs/judge-6-fixed-content/typecheck.stdout
 create mode 100644 docs/analysis/colleague_integration/proof_cont10/runs/judge-7-full/lint.json
 create mode 100644 docs/analysis/colleague_integration/proof_cont10/runs/judge-7-full/lint.stderr
 create mode 100644 docs/analysis/colleague_integration/proof_cont10/runs/judge-7-full/lint.stdout
 create mode 100644 docs/analysis/colleague_integration/proof_cont10/runs/judge-7-full/result.json
 create mode 100644 docs/analysis/colleague_integration/proof_cont10/runs/judge-7-full/source-before.json
 create mode 100644 docs/analysis/colleague_integration/proof_cont10/runs/judge-7-full/tests.json
 create mode 100644 docs/analysis/colleague_integration/proof_cont10/runs/judge-7-full/tests.stderr
 create mode 100644 docs/analysis/colleague_integration/proof_cont10/runs/judge-7-full/tests.stdout
 create mode 100644 docs/analysis/colleague_integration/proof_cont10/runs/judge-7-full/typecheck.json
 create mode 100644 docs/analysis/colleague_integration/proof_cont10/runs/judge-7-full/typecheck.stderr
 create mode 100644 docs/analysis/colleague_integration/proof_cont10/runs/judge-7-full/typecheck.stdout
 create mode 100644 docs/analysis/colleague_integration/proof_cont10/runs/judge-8-go-store/go-tests.json
 create mode 100644 docs/analysis/colleague_integration/proof_cont10/runs/judge-8-go-store/go-tests.stderr
 create mode 100644 docs/analysis/colleague_integration/proof_cont10/runs/judge-8-go-store/go-tests.stdout
 create mode 100644 docs/analysis/colleague_integration/proof_cont10/runs/judge-8-go-store/result.json
 create mode 100644 docs/analysis/colleague_integration/proof_cont10/runs/judge-8-go-store/source-before.json
 create mode 100644 docs/analysis/colleague_integration/proof_cont10/runs/judge-9-gate-self-checks/failing-child.json
 create mode 100644 docs/analysis/colleague_integration/proof_cont10/runs/judge-9-gate-self-checks/failing-child.stderr
 create mode 100644 docs/analysis/colleague_integration/proof_cont10/runs/judge-9-gate-self-checks/failing-child.stdout
 create mode 100644 docs/analysis/colleague_integration/proof_cont10/runs/judge-9-gate-self-checks/result.json
 create mode 100644 docs/analysis/colleague_integration/proof_cont10/runs/judge-9-gate-self-checks/source-before.json
 create mode 100644 docs/analysis/colleague_integration/proof_cont10/support/CONT10_ARCHIVE_RETIREMENT.json
 create mode 100644 docs/analysis/colleague_integration/proof_cont10/support/GENERATOR_CONTRACT.md
 create mode 100644 docs/analysis/colleague_integration/proof_cont10/support/validate_frontend.py
 create mode 100644 docs/analysis/colleague_integration/proof_cont10/validate_codegen.py
 create mode 100644 docs/analysis/colleague_integration/proof_cont10/validate_codegen.r1.py
 create mode 100644 docs/analysis/colleague_integration/proof_cont10/validate_codegen.r2.py
 create mode 100644 docs/analysis/colleague_integration/proof_cont10/validation-first/build.json
 create mode 100644 docs/analysis/colleague_integration/proof_cont10/validation-first/build.stderr
 create mode 100644 docs/analysis/colleague_integration/proof_cont10/validation-first/build.stdout
 create mode 100644 docs/analysis/colleague_integration/proof_cont10/validation-first/codegen.json
 create mode 100644 docs/analysis/colleague_integration/proof_cont10/validation-first/codegen.stderr
 create mode 100644 docs/analysis/colleague_integration/proof_cont10/validation-first/codegen.stdout
 create mode 100644 docs/analysis/colleague_integration/proof_cont10/validation-first/frontend.json
 create mode 100644 docs/analysis/colleague_integration/proof_cont10/validation-first/frontend.stderr
 create mode 100644 docs/analysis/colleague_integration/proof_cont10/validation-first/frontend.stdout
 create mode 100644 docs/analysis/colleague_integration/proof_cont10/validation-first/lint.json
 create mode 100644 docs/analysis/colleague_integration/proof_cont10/validation-first/lint.stderr
 create mode 100644 docs/analysis/colleague_integration/proof_cont10/validation-first/lint.stdout
 create mode 100644 docs/analysis/colleague_integration/proof_cont10/validation-first/typecheck.json
 create mode 100644 docs/analysis/colleague_integration/proof_cont10/validation-first/typecheck.stderr
 create mode 100644 docs/analysis/colleague_integration/proof_cont10/validation-first/typecheck.stdout
