docs/analysis/colleague_integration/proof_cont10/product-recon/app__store__database.go.txt:609: trailing whitespace.
+		SELECT 
docs/analysis/colleague_integration/proof_cont10/product-recon/app__store__database.go.txt:610: trailing whitespace.
+			c.id, 
docs/analysis/colleague_integration/proof_cont10/product-recon/app__store__database.go.txt:611: trailing whitespace.
+			c.title, 
docs/analysis/colleague_integration/proof_cont10/product-recon/app__store__database.go.txt:815: trailing whitespace.
+		UPDATE messages 
docs/analysis/colleague_integration/proof_cont10/product-recon/consumer-paths.txt:7: trailing whitespace.
+127: 
docs/analysis/colleague_integration/proof_cont10/product-recon/consumer-paths.txt:11: trailing whitespace.
+131: 
docs/analysis/colleague_integration/proof_cont10/product-recon/consumer-paths.txt:15: trailing whitespace.
+135: 
docs/analysis/colleague_integration/proof_cont10/product-recon/consumer-paths.txt:18: trailing whitespace.
+138: 
docs/analysis/colleague_integration/proof_cont10/product-recon/consumer-paths.txt:22: trailing whitespace.
+142: 
docs/analysis/colleague_integration/proof_cont10/product-recon/consumer-paths.txt:25: trailing whitespace.
+145: 
docs/analysis/colleague_integration/proof_cont10/product-recon/consumer-paths.txt:28: trailing whitespace.
+148: 
docs/analysis/colleague_integration/proof_cont10/product-recon/consumer-paths.txt:31: trailing whitespace.
+151: 
docs/analysis/colleague_integration/proof_cont10/product-recon/consumer-paths.txt:34: trailing whitespace.
+154: 
docs/analysis/colleague_integration/proof_cont10/product-recon/consumer-paths.txt:37: trailing whitespace.
+157: 
docs/analysis/colleague_integration/proof_cont10/product-recon/consumer-paths.txt:40: trailing whitespace.
+160: 
docs/analysis/colleague_integration/proof_cont10/product-recon/consumer-paths.txt:43: trailing whitespace.
+163: 
docs/analysis/colleague_integration/proof_cont10/product-recon/consumer-paths.txt:46: trailing whitespace.
+166: 
docs/analysis/colleague_integration/proof_cont10/product-recon/consumer-paths.txt:49: trailing whitespace.
+169: 
docs/analysis/colleague_integration/proof_cont10/product-recon/consumer-paths.txt:52: trailing whitespace.
+172: 
docs/analysis/colleague_integration/proof_cont10/product-recon/consumer-paths.txt:55: trailing whitespace.
+175: 
docs/analysis/colleague_integration/proof_cont10/product-recon/consumer-paths.txt:62: trailing whitespace.
+182: 
docs/analysis/colleague_integration/proof_cont10/product-recon/consumer-paths.txt:66: trailing whitespace.
+186: 
docs/analysis/colleague_integration/proof_cont10/product-recon/consumer-paths.txt:71: trailing whitespace.
+191: 
docs/analysis/colleague_integration/proof_cont10/product-recon/consumer-paths.txt:82: trailing whitespace.
+202: 
docs/analysis/colleague_integration/proof_cont10/product-recon/consumer-paths.txt:87: trailing whitespace.
+512: 
docs/analysis/colleague_integration/proof_cont10/product-recon/consumer-paths.txt:100: trailing whitespace.
+525: 
docs/analysis/colleague_integration/proof_cont10/product-recon/consumer-paths.txt:120: trailing whitespace.
+545: 
docs/analysis/colleague_integration/proof_cont10/product-recon/consumer-paths.txt:164: trailing whitespace.
+34: 
docs/analysis/colleague_integration/proof_cont10/product-recon/consumer-paths.txt:178: trailing whitespace.
+48: 
docs/analysis/colleague_integration/proof_cont10/product-recon/consumer-paths.txt:202: trailing whitespace.
+72: 
docs/analysis/colleague_integration/proof_cont10/product-recon/consumer-paths.txt:211: trailing whitespace.
+81: 
docs/analysis/colleague_integration/proof_cont10/product-recon/consumer-paths.txt:213: trailing whitespace.
+83: 
docs/analysis/colleague_integration/proof_cont10/product-recon/consumer-paths.txt:218: trailing whitespace.
+88: 
docs/analysis/colleague_integration/proof_cont10/product-recon/consumer-paths.txt:220: trailing whitespace.
+90: 
docs/analysis/colleague_integration/proof_cont10/product-recon/consumer-paths.txt:229: trailing whitespace.
+99: 
docs/analysis/colleague_integration/proof_cont10/product-recon/consumer-paths.txt:234: trailing whitespace.
+104: 
docs/analysis/colleague_integration/proof_cont10/product-recon/consumer-paths.txt:240: trailing whitespace.
+110: 
docs/analysis/colleague_integration/proof_cont10/product-recon/consumer-paths.txt:253: trailing whitespace.
+123: 
docs/analysis/colleague_integration/proof_cont10/product-recon/consumer-paths.txt:268: trailing whitespace.
+138: 
docs/analysis/colleague_integration/proof_cont10/product-recon/consumer-paths.txt:273: trailing whitespace.
+143: 
docs/analysis/colleague_integration/proof_cont10/product-recon/consumer-paths.txt:277: trailing whitespace.
+147: 
docs/analysis/colleague_integration/proof_cont10/product-recon/consumer-paths.txt:290: trailing whitespace.
+160: 
docs/analysis/colleague_integration/proof_cont10/product-recon/consumer-paths.txt:292: trailing whitespace.
+162: 
docs/analysis/colleague_integration/proof_cont10/product-recon/consumer-paths.txt:297: trailing whitespace.
+167: 
docs/analysis/colleague_integration/proof_cont10/product-recon/consumer-paths.txt:309: trailing whitespace.
+179: 
docs/analysis/colleague_integration/proof_cont10/product-recon/consumer-paths.txt:318: trailing whitespace.
+188: 
docs/analysis/colleague_integration/proof_cont10/product-recon/consumer-paths.txt:326: trailing whitespace.
+196: 
docs/analysis/colleague_integration/proof_cont10/product-recon/consumer-paths.txt:333: trailing whitespace.
+203: 
docs/analysis/colleague_integration/proof_cont10/product-recon/consumer-paths.txt:339: trailing whitespace.
+209: 
docs/analysis/colleague_integration/proof_cont10/product-recon/consumer-paths.txt:355: trailing whitespace.
+225: 
docs/analysis/colleague_integration/proof_cont10/product-recon/consumer-paths.txt:360: trailing whitespace.
+230: 
docs/analysis/colleague_integration/proof_cont10/product-recon/consumer-paths.txt:363: trailing whitespace.
+233: 
docs/analysis/colleague_integration/proof_cont10/product-recon/consumer-paths.txt:368: trailing whitespace.
+238: 
docs/analysis/colleague_integration/proof_cont10/product-recon/consumer-paths.txt:385: trailing whitespace.
+927: 
docs/analysis/colleague_integration/proof_cont10/product-recon/consumer-paths.txt:391: trailing whitespace.
+933: 
docs/analysis/colleague_integration/proof_cont10/product-recon/consumer-paths.txt:398: trailing whitespace.
+940: 
docs/analysis/colleague_integration/proof_cont10/product-recon/consumer-paths.txt:400: trailing whitespace.
+942: 
docs/analysis/colleague_integration/proof_cont10/product-recon/consumer-paths.txt:403: trailing whitespace.
+945: 
docs/analysis/colleague_integration/proof_cont10/product-recon/consumer-paths.txt:405: trailing whitespace.
+947: 
docs/analysis/colleague_integration/proof_cont10/product-recon/consumer-paths.txt:427: trailing whitespace.
+969: 
docs/analysis/colleague_integration/proof_cont10/product-recon/consumer-paths.txt:435: trailing whitespace.
+977: 
docs/analysis/colleague_integration/proof_cont10/product-recon/consumer-paths.txt:442: trailing whitespace.
+984: 
docs/analysis/colleague_integration/proof_cont10/product-recon/consumer-paths.txt:449: trailing whitespace.
+991: 
docs/analysis/colleague_integration/proof_cont10/product-recon/consumer-paths.txt:453: trailing whitespace.
+995: 
docs/analysis/colleague_integration/proof_cont10/product-recon/consumer-paths.txt:458: trailing whitespace.
+1000: 
docs/analysis/colleague_integration/proof_cont10/product-recon/consumer-paths.txt:462: trailing whitespace.
+1004: 
docs/analysis/colleague_integration/proof_cont10/product-recon/consumer-paths.txt:467: trailing whitespace.
+1009: 
docs/analysis/colleague_integration/proof_cont10/product-recon/consumer-paths.txt:472: trailing whitespace.
+1014: 
docs/analysis/colleague_integration/proof_cont10/product-recon/consumer-paths.txt:484: trailing whitespace.
+293: 
docs/analysis/colleague_integration/proof_cont10/product-recon/consumer-paths.txt:489: trailing whitespace.
+298: 
docs/analysis/colleague_integration/proof_cont10/product-recon/consumer-paths.txt:503: trailing whitespace.
+312: 
docs/analysis/colleague_integration/proof_cont10/product-recon/consumer-paths.txt:507: trailing whitespace.
+316: 
docs/analysis/colleague_integration/proof_cont10/product-recon/consumer-paths.txt:514: trailing whitespace.
+323: 
docs/analysis/colleague_integration/proof_cont10/product-recon/consumer-paths.txt:520: trailing whitespace.
+329: 
docs/analysis/colleague_integration/proof_cont10/product-recon/consumer-paths.txt:548: trailing whitespace.
+382: 
docs/analysis/colleague_integration/proof_cont10/product-recon/consumer-paths.txt:556: trailing whitespace.
+390: 
docs/analysis/colleague_integration/proof_cont10/product-recon/consumer-paths.txt:571: trailing whitespace.
+405: 
docs/analysis/colleague_integration/proof_cont10/product-recon/consumer-paths.txt:577: trailing whitespace.
+411: 
docs/analysis/colleague_integration/proof_cont10/product-recon/consumer-paths.txt:587: trailing whitespace.
+421: 
docs/analysis/colleague_integration/proof_cont10/product-recon/consumer-paths.txt:613: trailing whitespace.
+1135: 
docs/analysis/colleague_integration/proof_cont10/product-recon/consumer-paths.txt:619: trailing whitespace.
+1141: 
docs/analysis/colleague_integration/proof_cont10/product-recon/consumer-paths.txt:623: trailing whitespace.
+1145: 
docs/analysis/colleague_integration/proof_cont10/product-recon/consumer-paths.txt:647: trailing whitespace.
+1169: 
docs/analysis/colleague_integration/proof_cont10/product-recon/consumer-paths.txt:659: trailing whitespace.
+1181: 
docs/analysis/colleague_integration/proof_cont10/product-recon/owner-paths.txt:6: trailing whitespace.
+28: 
docs/analysis/colleague_integration/proof_cont10/product-recon/owner-paths.txt:8: trailing whitespace.
+30: 
docs/analysis/colleague_integration/proof_cont10/product-recon/owner-paths.txt:10: trailing whitespace.
+32: 
docs/analysis/colleague_integration/proof_cont10/product-recon/owner-paths.txt:12: trailing whitespace.
+34: 
docs/analysis/colleague_integration/proof_cont10/product-recon/owner-paths.txt:14: trailing whitespace.
+36: 
docs/analysis/colleague_integration/proof_cont10/product-recon/owner-paths.txt:16: trailing whitespace.
+38: 
docs/analysis/colleague_integration/proof_cont10/product-recon/owner-paths.txt:18: trailing whitespace.
+40: 
docs/analysis/colleague_integration/proof_cont10/product-recon/owner-paths.txt:20: trailing whitespace.
+42: 
docs/analysis/colleague_integration/proof_cont10/product-recon/owner-paths.txt:25: trailing whitespace.
+70: 
docs/analysis/colleague_integration/proof_cont10/product-recon/owner-paths.txt:27: trailing whitespace.
+72: 
docs/analysis/colleague_integration/proof_cont10/product-recon/owner-paths.txt:29: trailing whitespace.
+74: 
docs/analysis/colleague_integration/proof_cont10/product-recon/owner-paths.txt:31: trailing whitespace.
+76: 
docs/analysis/colleague_integration/proof_cont10/product-recon/owner-paths.txt:33: trailing whitespace.
+78: 
docs/analysis/colleague_integration/proof_cont10/product-recon/owner-paths.txt:41: trailing whitespace.
+86: 
docs/analysis/colleague_integration/proof_cont10/product-recon/owner-paths.txt:46: trailing whitespace.
+110: 
docs/analysis/colleague_integration/proof_cont10/product-recon/owner-paths.txt:69: trailing whitespace.
+133: 
docs/analysis/colleague_integration/proof_cont10/product-recon/owner-paths.txt:71: trailing whitespace.
+135: 
docs/analysis/colleague_integration/proof_cont10/product-recon/owner-paths.txt:73: trailing whitespace.
+137: 
docs/analysis/colleague_integration/proof_cont10/product-recon/owner-paths.txt:75: trailing whitespace.
+139: 
docs/analysis/colleague_integration/proof_cont10/product-recon/owner-paths.txt:77: trailing whitespace.
+141: 
docs/analysis/colleague_integration/proof_cont10/product-recon/owner-paths.txt:79: trailing whitespace.
+143: 
docs/analysis/colleague_integration/proof_cont10/product-recon/owner-paths.txt:81: trailing whitespace.
+145: 
docs/analysis/colleague_integration/proof_cont10/product-recon/owner-paths.txt:83: trailing whitespace.
+147: 
docs/analysis/colleague_integration/proof_cont10/product-recon/owner-paths.txt:88: trailing whitespace.
+213: 
docs/analysis/colleague_integration/proof_cont10/product-recon/owner-paths.txt:90: trailing whitespace.
+215: 
docs/analysis/colleague_integration/proof_cont10/product-recon/owner-paths.txt:92: trailing whitespace.
+217: 
docs/analysis/colleague_integration/proof_cont10/product-recon/owner-paths.txt:94: trailing whitespace.
+219: 
docs/analysis/colleague_integration/proof_cont10/product-recon/owner-paths.txt:96: trailing whitespace.
+221: 
docs/analysis/colleague_integration/proof_cont10/product-recon/owner-paths.txt:98: trailing whitespace.
+223: 
docs/analysis/colleague_integration/proof_cont10/product-recon/owner-paths.txt:100: trailing whitespace.
+225: 
docs/analysis/colleague_integration/proof_cont10/product-recon/owner-paths.txt:102: trailing whitespace.
+227: 
docs/analysis/colleague_integration/proof_cont10/product-recon/owner-paths.txt:104: trailing whitespace.
+229: 
docs/analysis/colleague_integration/proof_cont10/product-recon/owner-paths.txt:109: trailing whitespace.
+255: 
docs/analysis/colleague_integration/proof_cont10/product-recon/owner-paths.txt:111: trailing whitespace.
+257: 
docs/analysis/colleague_integration/proof_cont10/product-recon/owner-paths.txt:113: trailing whitespace.
+259: 
docs/analysis/colleague_integration/proof_cont10/product-recon/owner-paths.txt:115: trailing whitespace.
+261: 
docs/analysis/colleague_integration/proof_cont10/product-recon/owner-paths.txt:117: trailing whitespace.
+263: 
docs/analysis/colleague_integration/proof_cont10/product-recon/owner-paths.txt:119: trailing whitespace.
+265: 
docs/analysis/colleague_integration/proof_cont10/product-recon/owner-paths.txt:124: trailing whitespace.
+270: 
docs/analysis/colleague_integration/proof_cont10/product-recon/owner-paths.txt:126: trailing whitespace.
+272: 
docs/analysis/colleague_integration/proof_cont10/product-recon/owner-paths.txt:130: trailing whitespace.
+276: 
docs/analysis/colleague_integration/proof_cont10/product-recon/owner-paths.txt:132: trailing whitespace.
+278: 
docs/analysis/colleague_integration/proof_cont10/product-recon/owner-paths.txt:137: trailing whitespace.
+283: 
docs/analysis/colleague_integration/proof_cont10/product-recon/owner-paths.txt:142: trailing whitespace.
+288: 
docs/analysis/colleague_integration/proof_cont10/product-recon/owner-paths.txt:144: trailing whitespace.
+290: 
docs/analysis/colleague_integration/proof_cont10/product-recon/owner-paths.txt:149: trailing whitespace.
+295: 
docs/analysis/colleague_integration/proof_cont10/product-recon/owner-paths.txt:154: trailing whitespace.
+300: 
docs/analysis/colleague_integration/proof_cont10/product-recon/owner-paths.txt:159: trailing whitespace.
+305: 
docs/analysis/colleague_integration/proof_cont10/product-recon/owner-paths.txt:164: trailing whitespace.
+310: 
docs/analysis/colleague_integration/proof_cont10/product-recon/owner-paths.txt:169: trailing whitespace.
+315: 
docs/analysis/colleague_integration/proof_cont10/product-recon/owner-paths.txt:174: trailing whitespace.
+320: 
docs/analysis/colleague_integration/proof_cont10/product-recon/owner-paths.txt:179: trailing whitespace.
+325: 
docs/analysis/colleague_integration/proof_cont10/product-recon/owner-paths.txt:181: trailing whitespace.
+327: 
docs/analysis/colleague_integration/proof_cont10/product-recon/owner-paths.txt:186: trailing whitespace.
+332: 
docs/analysis/colleague_integration/proof_cont10/product-recon/owner-paths.txt:191: trailing whitespace.
+337: 
docs/analysis/colleague_integration/proof_cont10/product-recon/owner-paths.txt:196: trailing whitespace.
+342: 
docs/analysis/colleague_integration/proof_cont10/product-recon/owner-paths.txt:200: trailing whitespace.
+347: 
docs/analysis/colleague_integration/proof_cont10/product-recon/owner-paths.txt:202: trailing whitespace.
+349: 
docs/analysis/colleague_integration/proof_cont10/product-recon/owner-paths.txt:207: trailing whitespace.
+354: 
docs/analysis/colleague_integration/proof_cont10/product-recon/owner-paths.txt:212: trailing whitespace.
+359: 
docs/analysis/colleague_integration/proof_cont10/product-recon/owner-paths.txt:217: trailing whitespace.
+364: 
docs/analysis/colleague_integration/proof_cont10/product-recon/owner-paths.txt:221: trailing whitespace.
+374: 
docs/analysis/colleague_integration/proof_cont10/product-recon/owner-paths.txt:223: trailing whitespace.
+376: 
docs/analysis/colleague_integration/proof_cont10/product-recon/owner-paths.txt:228: trailing whitespace.
+381: 
docs/analysis/colleague_integration/proof_cont10/product-recon/owner-paths.txt:233: trailing whitespace.
+386: 
docs/analysis/colleague_integration/proof_cont10/product-recon/owner-paths.txt:238: trailing whitespace.
+391: 
docs/analysis/colleague_integration/proof_cont10/product-recon/owner-paths.txt:243: trailing whitespace.
+396: 
docs/analysis/colleague_integration/proof_cont10/product-recon/owner-paths.txt:245: trailing whitespace.
+398: 
docs/analysis/colleague_integration/proof_cont10/product-recon/owner-paths.txt:247: trailing whitespace.
+400: 
docs/analysis/colleague_integration/proof_cont10/product-recon/owner-paths.txt:253: trailing whitespace.
+406: 
docs/analysis/colleague_integration/proof_cont10/product-recon/owner-paths.txt:259: trailing whitespace.
+412: 
docs/analysis/colleague_integration/proof_cont10/product-recon/owner-paths.txt:265: trailing whitespace.
+418: 
docs/analysis/colleague_integration/proof_cont10/product-recon/owner-paths.txt:271: trailing whitespace.
+424: 
docs/analysis/colleague_integration/proof_cont10/product-recon/owner-paths.txt:278: trailing whitespace.
+431: 
docs/analysis/colleague_integration/proof_cont10/product-recon/owner-paths.txt:285: trailing whitespace.
+455: 
docs/analysis/colleague_integration/proof_cont10/product-recon/owner-paths.txt:287: trailing whitespace.
+457: 
docs/analysis/colleague_integration/proof_cont10/product-recon/owner-paths.txt:289: trailing whitespace.
+459: 
docs/analysis/colleague_integration/proof_cont10/product-recon/owner-paths.txt:291: trailing whitespace.
+461: 
docs/analysis/colleague_integration/proof_cont10/product-recon/owner-paths.txt:293: trailing whitespace.
+463: 
docs/analysis/colleague_integration/proof_cont10/product-recon/owner-paths.txt:295: trailing whitespace.
+465: 
docs/analysis/colleague_integration/proof_cont10/product-recon/owner-paths.txt:297: trailing whitespace.
+467: 
docs/analysis/colleague_integration/proof_cont10/product-recon/owner-paths.txt:299: trailing whitespace.
+469: 
docs/analysis/colleague_integration/proof_cont10/product-recon/owner-paths.txt:301: trailing whitespace.
+471: 
docs/analysis/colleague_integration/proof_cont10/product-recon/owner-paths.txt:303: trailing whitespace.
+473: 
docs/analysis/colleague_integration/proof_cont10/product-recon/owner-paths.txt:305: trailing whitespace.
+475: 
docs/analysis/colleague_integration/proof_cont10/product-recon/owner-paths.txt:307: trailing whitespace.
+477: 
docs/analysis/colleague_integration/proof_cont10/product-recon/owner-paths.txt:309: trailing whitespace.
+479: 
docs/analysis/colleague_integration/proof_cont10/product-recon/owner-paths.txt:311: trailing whitespace.
+481: 
docs/analysis/colleague_integration/proof_cont10/product-recon/owner-paths.txt:313: trailing whitespace.
+483: 
docs/analysis/colleague_integration/proof_cont10/product-recon/owner-paths.txt:315: trailing whitespace.
+485: 
docs/analysis/colleague_integration/proof_cont10/product-recon/owner-paths.txt:317: trailing whitespace.
+487: 
docs/analysis/colleague_integration/proof_cont10/product-recon/owner-paths.txt:354: trailing whitespace.
+550: 
docs/analysis/colleague_integration/proof_cont10/product-recon/owner-paths.txt:356: trailing whitespace.
+552: 
docs/analysis/colleague_integration/proof_cont10/product-recon/owner-paths.txt:360: trailing whitespace.
+572: 
docs/analysis/colleague_integration/proof_cont10/product-recon/owner-paths.txt:369: trailing whitespace.
+581: 
docs/analysis/colleague_integration/proof_cont10/product-recon/owner-paths.txt:371: trailing whitespace.
+583: 
docs/analysis/colleague_integration/proof_cont10/product-recon/owner-paths.txt:373: trailing whitespace.
+585: 
docs/analysis/colleague_integration/proof_cont10/product-recon/owner-paths.txt:375: trailing whitespace.
+587: 
docs/analysis/colleague_integration/proof_cont10/product-recon/owner-paths.txt:377: trailing whitespace.
+589: 
docs/analysis/colleague_integration/proof_cont10/product-recon/owner-paths.txt:383: trailing whitespace.
+122: 
docs/analysis/colleague_integration/proof_cont10/product-recon/owner-paths.txt:388: trailing whitespace.
+127: 
docs/analysis/colleague_integration/proof_cont10/product-recon/owner-paths.txt:392: trailing whitespace.
+131: 
docs/analysis/colleague_integration/proof_cont10/product-recon/owner-paths.txt:396: trailing whitespace.
+135: 
docs/analysis/colleague_integration/proof_cont10/product-recon/owner-paths.txt:399: trailing whitespace.
+138: 
docs/analysis/colleague_integration/proof_cont10/product-recon/owner-paths.txt:403: trailing whitespace.
+142: 
docs/analysis/colleague_integration/proof_cont10/product-recon/owner-paths.txt:406: trailing whitespace.
+145: 
docs/analysis/colleague_integration/proof_cont10/product-recon/owner-paths.txt:409: trailing whitespace.
+148: 
docs/analysis/colleague_integration/proof_cont10/product-recon/owner-paths.txt:412: trailing whitespace.
+151: 
docs/analysis/colleague_integration/proof_cont10/product-recon/owner-paths.txt:415: trailing whitespace.
+154: 
docs/analysis/colleague_integration/proof_cont10/product-recon/owner-paths.txt:418: trailing whitespace.
+157: 
docs/analysis/colleague_integration/proof_cont10/product-recon/owner-paths.txt:425: trailing whitespace.
+374: 
docs/analysis/colleague_integration/proof_cont10/product-recon/owner-paths.txt:428: trailing whitespace.
+377: 
docs/analysis/colleague_integration/proof_cont10/product-recon/owner-paths.txt:433: trailing whitespace.
+382: 
docs/analysis/colleague_integration/proof_cont10/product-recon/owner-paths.txt:438: trailing whitespace.
+387: 
docs/analysis/colleague_integration/proof_cont10/product-recon/owner-paths.txt:451: trailing whitespace.
+400: 
docs/analysis/colleague_integration/proof_cont10/product-recon/owner-paths.txt:455: trailing whitespace.
+404: 
docs/analysis/colleague_integration/proof_cont10/product-recon/owner-paths.txt:458: trailing whitespace.
+407: 
docs/analysis/colleague_integration/proof_cont10/product-recon/owner-paths.txt:463: trailing whitespace.
+412: 
docs/analysis/colleague_integration/proof_cont10/product-recon/owner-paths.txt:466: trailing whitespace.
+415: 
docs/analysis/colleague_integration/proof_cont10/product-recon/owner-paths.txt:471: trailing whitespace.
+420: 
docs/analysis/colleague_integration/proof_cont10/product-recon/owner-paths.txt:474: trailing whitespace.
+423: 
docs/analysis/colleague_integration/proof_cont10/product-recon/owner-paths.txt:478: trailing whitespace.
+427: 
docs/analysis/colleague_integration/proof_cont10/product-recon/owner-paths.txt:483: trailing whitespace.
+432: 
docs/analysis/colleague_integration/proof_cont10/product-recon/owner-paths.txt:486: trailing whitespace.
+435: 
docs/analysis/colleague_integration/proof_cont10/product-recon/owner-paths.txt:491: trailing whitespace.
+440: 
docs/analysis/colleague_integration/proof_cont10/product-recon/owner-paths.txt:502: trailing whitespace.
+1688: 
docs/analysis/colleague_integration/proof_cont10/product-recon/owner-paths.txt:508: trailing whitespace.
+1694: 
docs/analysis/colleague_integration/proof_cont10/product-recon/owner-paths.txt:513: trailing whitespace.
+1699: 
docs/analysis/colleague_integration/proof_cont10/product-recon/owner-paths.txt:518: trailing whitespace.
+1704: 
docs/analysis/colleague_integration/proof_cont10/product-recon/owner-paths.txt:524: trailing whitespace.
+1710: 
docs/analysis/colleague_integration/proof_cont10/product-recon/owner-paths.txt:530: trailing whitespace.
+1716: 
docs/analysis/colleague_integration/proof_cont10/product-recon/owner-paths.txt:535: trailing whitespace.
+1721: 
docs/analysis/colleague_integration/proof_cont10/product-recon/owner-paths.txt:539: trailing whitespace.
+1725: 
docs/analysis/colleague_integration/proof_cont10/product-recon/owner-paths.txt:557: trailing whitespace.
+1743: 
docs/analysis/colleague_integration/proof_cont10/product-recon/owner-paths.txt:563: trailing whitespace.
+1749: 
docs/analysis/colleague_integration/proof_cont10/product-recon/owner-paths.txt:569: trailing whitespace.
+1755: 
docs/analysis/colleague_integration/proof_cont10/product-recon/owner-paths.txt:577: trailing whitespace.
+1763: 
docs/analysis/colleague_integration/proof_cont10/product-recon/owner-paths.txt:581: trailing whitespace.
+1767: 
docs/analysis/colleague_integration/proof_cont10/product-recon/owner-paths.txt:583: trailing whitespace.
+1769: 
docs/analysis/colleague_integration/proof_cont10/product-recon/owner-paths.txt:586: trailing whitespace.
+1772: 
docs/analysis/colleague_integration/proof_cont10/product-recon/owner-paths.txt:590: trailing whitespace.
+1776: 
docs/analysis/colleague_integration/proof_cont10/product-recon/owner-paths.txt:596: trailing whitespace.
+1782: 
docs/analysis/colleague_integration/proof_cont10/product-recon/owner-paths.txt:603: trailing whitespace.
+1789: 
docs/analysis/colleague_integration/proof_cont10/product-recon/owner-paths.txt:612: trailing whitespace.
+1798: 
docs/analysis/colleague_integration/proof_cont10/product-recon/owner-paths.txt:624: trailing whitespace.
+1810: 
docs/analysis/colleague_integration/proof_cont10/product-recon/owner-paths.txt:629: trailing whitespace.
+1815: 
docs/analysis/colleague_integration/proof_cont10/product-recon/owner-paths.txt:633: trailing whitespace.
+1819: 
docs/analysis/colleague_integration/proof_cont10/product-recon/owner-paths.txt:638: trailing whitespace.
+1824: 
docs/analysis/colleague_integration/proof_cont10/product-recon/owner-paths.txt:645: trailing whitespace.
+1831: 
docs/analysis/colleague_integration/proof_cont10/product-recon/owner-paths.txt:649: trailing whitespace.
+1835: 
docs/analysis/colleague_integration/proof_cont10/product-recon/owner-paths.txt:659: trailing whitespace.
+1845: 
docs/analysis/colleague_integration/proof_cont10/product-recon/owner-paths.txt:669: trailing whitespace.
+1855: 
docs/analysis/colleague_integration/proof_cont10/product-recon/owner-paths.txt:673: trailing whitespace.
+1859: 
docs/analysis/colleague_integration/proof_cont10/product-recon/owner-paths.txt:679: trailing whitespace.
+1902: 
docs/analysis/colleague_integration/proof_cont10/product-recon/owner-paths.txt:684: trailing whitespace.
+1907: 
docs/analysis/colleague_integration/proof_cont10/product-recon/owner-paths.txt:699: trailing whitespace.
+1922: 
docs/analysis/colleague_integration/proof_cont10/product-recon/owner-paths.txt:701: trailing whitespace.
+1924: 
docs/analysis/colleague_integration/proof_cont10/product-recon/owner-paths.txt:704: trailing whitespace.
+1927: 
docs/analysis/colleague_integration/proof_cont10/product-recon/owner-paths.txt:717: trailing whitespace.
+1940: 
docs/analysis/colleague_integration/proof_cont10/product-recon/owner-paths.txt:720: trailing whitespace.
+1943: 
docs/analysis/colleague_integration/proof_cont10/product-recon/owner-paths.txt:731: trailing whitespace.
+1954: 
docs/analysis/colleague_integration/proof_cont10/product-recon/owner-paths.txt:751: trailing whitespace.
+1974: 
docs/analysis/colleague_integration/proof_cont10/product-recon/owner-paths.txt:754: trailing whitespace.
+1977: 
docs/analysis/colleague_integration/proof_cont10/product-recon/owner-paths.txt:768: trailing whitespace.
+1991: 
docs/analysis/colleague_integration/proof_cont10/product-recon/owner-paths.txt:775: trailing whitespace.
+1998: 
docs/analysis/colleague_integration/proof_cont10/product-recon/owner-paths.txt:779: trailing whitespace.
+2002: 
docs/analysis/colleague_integration/proof_cont10/product-recon/owner-paths.txt:785: trailing whitespace.
+186: 
docs/analysis/colleague_integration/proof_cont10/product-recon/owner-paths.txt:791: trailing whitespace.
+192: 
docs/analysis/colleague_integration/proof_cont10/product-recon/owner-paths.txt:803: trailing whitespace.
+204: 
docs/analysis/colleague_integration/proof_cont10/product-recon/owner-paths.txt:805: trailing whitespace.
+206: 
docs/analysis/colleague_integration/proof_cont10/product-recon/owner-paths.txt:823: trailing whitespace.
+224: 
docs/analysis/colleague_integration/proof_cont10/product-recon/owner-paths.txt:828: trailing whitespace.
+229: 
docs/analysis/colleague_integration/proof_cont10/product-recon/owner-paths.txt:851: trailing whitespace.
+252: 
docs/analysis/colleague_integration/proof_cont10/product-recon/owner-paths.txt:866: trailing whitespace.
+267: 
docs/analysis/colleague_integration/proof_cont10/product-recon/owner-paths.txt:889: trailing whitespace.
+72: 
docs/analysis/colleague_integration/proof_cont10/product-recon/owner-paths.txt:895: trailing whitespace.
+78: 
docs/analysis/colleague_integration/proof_cont10/product-recon/owner-paths.txt:921: trailing whitespace.
+104: 
docs/analysis/colleague_integration/proof_cont10/product-recon/owner-paths.txt:930: trailing whitespace.
+113: 
docs/analysis/colleague_integration/proof_cont10/product-recon/owner-paths.txt:978: trailing whitespace.
+203: 
docs/analysis/colleague_integration/proof_cont10/product-recon/owner-paths.txt:980: trailing whitespace.
+205: 
docs/analysis/colleague_integration/proof_cont10/product-recon/owner-paths.txt:988: trailing whitespace.
+213: 
docs/analysis/colleague_integration/proof_cont10/product-recon/owner-paths.txt:992: trailing whitespace.
+217: 
docs/analysis/colleague_integration/proof_cont10/product-recon/owner-paths.txt:1004: trailing whitespace.
+229: 
docs/analysis/colleague_integration/proof_cont10/product-recon/owner-paths.txt:1029: trailing whitespace.
+254: 
docs/analysis/colleague_integration/proof_cont10/product-recon/owner-paths.txt:1045: trailing whitespace.
+427: 
docs/analysis/colleague_integration/proof_cont10/product-recon/owner-paths.txt:1055: trailing whitespace.
+437: 
docs/analysis/colleague_integration/proof_cont10/product-recon/owner-paths.txt:1058: trailing whitespace.
+440: 
docs/analysis/colleague_integration/proof_cont10/product-recon/owner-paths.txt:1066: trailing whitespace.
+448: 
docs/analysis/colleague_integration/proof_cont10/product-recon/owner-paths.txt:1071: trailing whitespace.
+453: 
docs/analysis/colleague_integration/proof_cont10/product-recon/owner-paths.txt:1087: trailing whitespace.
+469: 
docs/analysis/colleague_integration/proof_cont10/product-recon/owner-paths.txt:1101: trailing whitespace.
+1718: 
docs/analysis/colleague_integration/proof_cont10/product-recon/terminal-final-caller.txt:8: trailing whitespace.
+392: 
docs/analysis/colleague_integration/proof_cont10/product-recon/terminal-final-caller.txt:11: trailing whitespace.
+395: 
docs/analysis/colleague_integration/proof_cont10/product-recon/terminal-final-caller.txt:16: trailing whitespace.
+400: 
docs/analysis/colleague_integration/proof_cont10/raw-upstream.stdout:215: new blank line at EOF.
