[eko/chat-read-integrity-20260920 baedaf58] docs: draft G1 persisted instructions and preserve measured design gaps
 49 files changed, 1002 insertions(+)
 create mode 100644 docs/_design/G1_PERSISTED_INSTRUCTIONS.md
 create mode 100644 docs/_design/G1_PERSISTENT_INSTRUCTIONS_CONCEPT.md
 create mode 100644 docs/analysis/colleague_integration/proof_cont11/BLOCKERS.md
 create mode 100644 docs/analysis/colleague_integration/proof_cont11/CONTINUATION_11_REPORT.md
 create mode 100644 docs/analysis/colleague_integration/proof_cont11/G1_SOURCE_ANCHORS.json.record.json
 create mode 100644 docs/analysis/colleague_integration/proof_cont11/HANDOFF.md
 create mode 100644 docs/analysis/colleague_integration/proof_cont11/MANIFEST.json
 create mode 100644 docs/analysis/colleague_integration/proof_cont11/REQUIREMENTS.md
 create mode 100644 docs/analysis/colleague_integration/proof_cont11/blocked-http-fixture-read.json.record.json
 create mode 100644 docs/analysis/colleague_integration/proof_cont11/cloud-budget-probe/deliberately-small-requested-context.request.json.record.json
 create mode 100644 docs/analysis/colleague_integration/proof_cont11/cloud-budget-probe/deliberately-small-requested-context.response.json.record.json
 create mode 100644 docs/analysis/colleague_integration/proof_cont11/cloud-budget-probe/one-token-longer-repeat.request.json.record.json
 create mode 100644 docs/analysis/colleague_integration/proof_cont11/cloud-budget-probe/one-token-longer-repeat.response.json.record.json
 create mode 100644 docs/analysis/colleague_integration/proof_cont11/cloud-budget-probe/one-token-longer.request.json.record.json
 create mode 100644 docs/analysis/colleague_integration/proof_cont11/cloud-budget-probe/one-token-longer.response.json.record.json
 create mode 100644 docs/analysis/colleague_integration/proof_cont11/cloud-budget-probe/one-token-results.json.record.json
 create mode 100644 docs/analysis/colleague_integration/proof_cont11/cloud-budget-probe/one-token-short.request.json.record.json
 create mode 100644 docs/analysis/colleague_integration/proof_cont11/cloud-budget-probe/one-token-short.response.json.record.json
 create mode 100644 docs/analysis/colleague_integration/proof_cont11/cloud-budget-probe/ordinary-headroom.request.json.record.json
 create mode 100644 docs/analysis/colleague_integration/proof_cont11/cloud-budget-probe/ordinary-headroom.response.json.record.json
 create mode 100644 docs/analysis/colleague_integration/proof_cont11/cloud-budget-probe/prefill-results.json.record.json
 create mode 100644 docs/analysis/colleague_integration/proof_cont11/cloud-budget-probe/results.json.record.json
 create mode 100644 docs/analysis/colleague_integration/proof_cont11/cloud-budget-probe/zero-output-longer.request.json.record.json
 create mode 100644 docs/analysis/colleague_integration/proof_cont11/cloud-budget-probe/zero-output-longer.response.json.record.json
 create mode 100644 docs/analysis/colleague_integration/proof_cont11/cloud-budget-probe/zero-output-short.request.json.record.json
 create mode 100644 docs/analysis/colleague_integration/proof_cont11/cloud-budget-probe/zero-output-short.response.json.record.json
 create mode 100644 docs/analysis/colleague_integration/proof_cont11/design-route-manifest.json.record.json
 create mode 100644 docs/analysis/colleague_integration/proof_cont11/focused-baseline.json.record.json
 create mode 100644 docs/analysis/colleague_integration/proof_cont11/g1-before-draft-review.md.record.json
 create mode 100644 docs/analysis/colleague_integration/proof_cont11/g1-before-initialisation-detail.md.record.json
 create mode 100644 docs/analysis/colleague_integration/proof_cont11/g1-draft-precheck.json.record.json
 create mode 100644 docs/analysis/colleague_integration/proof_cont11/g1-draft-review/dispositions.json.record.json
 create mode 100644 docs/analysis/colleague_integration/proof_cont11/g1-draft-review/manifest.json.record.json
 create mode 100644 docs/analysis/colleague_integration/proof_cont11/g1-draft-review/prompt.txt.record.json
 create mode 100644 docs/analysis/colleague_integration/proof_cont11/g1-draft-review/report.md.record.json
 create mode 100644 docs/analysis/colleague_integration/proof_cont11/g1-draft-review/request.json.record.json
 create mode 100644 docs/analysis/colleague_integration/proof_cont11/g1-draft-review/response.json.record.json
 create mode 100644 docs/analysis/colleague_integration/proof_cont11/g1-draft-review/result.json.record.json
 create mode 100644 docs/analysis/colleague_integration/proof_cont11/g1-initialisation-design-change.json.record.json
 create mode 100644 docs/analysis/colleague_integration/proof_cont11/git-preflight.json.record.json
 create mode 100644 docs/analysis/colleague_integration/proof_cont11/http-baseline-incident.json.record.json
 create mode 100644 docs/analysis/colleague_integration/proof_cont11/instructions-existing.stderr.record.json
 create mode 100644 docs/analysis/colleague_integration/proof_cont11/instructions-existing.stdout.record.json
 create mode 100644 docs/analysis/colleague_integration/proof_cont11/json-body-envelope-measurement.json.record.json
 create mode 100644 docs/analysis/colleague_integration/proof_cont11/lifecycle-source-manifest.json.record.json
 create mode 100644 docs/analysis/colleague_integration/proof_cont11/method-arrival-manifest.json.record.json
 create mode 100644 docs/analysis/colleague_integration/proof_cont11/prompt-retention-existing.stderr.record.json
 create mode 100644 docs/analysis/colleague_integration/proof_cont11/prompt-retention-existing.stdout.record.json
 create mode 100644 docs/analysis/colleague_integration/proof_cont11/testdata/instructions_http_baseline_test.go.record.json
